Archive member included to satisfy reference by file (symbol)

../../DaisyExamples/libDaisy/build/libdaisy.a(daisy_patch.o)
                              build/Palimpsest.o (daisy::DaisyPatch::StartAudio(void (*)(float const* const*, float**, unsigned int)))
../../DaisyExamples/libDaisy/build/libdaisy.a(daisy_seed.o)
                              ../../DaisyExamples/libDaisy/build/libdaisy.a(daisy_patch.o) (daisy::DaisySeed::Configure())
../../DaisyExamples/libDaisy/build/libdaisy.a(codec_ak4556.o)
                              ../../DaisyExamples/libDaisy/build/libdaisy.a(daisy_patch.o) (daisy::Ak4556::Init(dsy_gpio_pin))
../../DaisyExamples/libDaisy/build/libdaisy.a(codec_wm8731.o)
                              ../../DaisyExamples/libDaisy/build/libdaisy.a(daisy_seed.o) (daisy::Wm8731::Init(daisy::Wm8731::Config const&, daisy::I2CHandle))
../../DaisyExamples/libDaisy/build/libdaisy.a(sdram.o)
                              ../../DaisyExamples/libDaisy/build/libdaisy.a(daisy_seed.o) (SdramHandle::Init())
../../DaisyExamples/libDaisy/build/libdaisy.a(audio.o)
                              ../../DaisyExamples/libDaisy/build/libdaisy.a(daisy_seed.o) (daisy::AudioHandle::Init(daisy::AudioHandle::Config const&, daisy::SaiHandle))
../../DaisyExamples/libDaisy/build/libdaisy.a(ctrl.o)
                              ../../DaisyExamples/libDaisy/build/libdaisy.a(daisy_patch.o) (daisy::AnalogControl::Init(unsigned short*, float, bool, bool, float))
../../DaisyExamples/libDaisy/build/libdaisy.a(encoder.o)
                              ../../DaisyExamples/libDaisy/build/libdaisy.a(daisy_patch.o) (daisy::Encoder::Init(dsy_gpio_pin, dsy_gpio_pin, dsy_gpio_pin, float))
../../DaisyExamples/libDaisy/build/libdaisy.a(gatein.o)
                              ../../DaisyExamples/libDaisy/build/libdaisy.a(daisy_patch.o) (daisy::GateIn::Init(daisy::Pin, bool))
../../DaisyExamples/libDaisy/build/libdaisy.a(midi.o)
                              build/Palimpsest.o (daisy::MidiUartTransport::Config::Config())
../../DaisyExamples/libDaisy/build/libdaisy.a(midi_parser.o)
                              build/Palimpsest.o (daisy::MidiParser::Parse(unsigned char, daisy::MidiEvent*))
../../DaisyExamples/libDaisy/build/libdaisy.a(switch.o)
                              ../../DaisyExamples/libDaisy/build/libdaisy.a(encoder.o) (daisy::Switch::Init(dsy_gpio_pin, float))
../../DaisyExamples/libDaisy/build/libdaisy.a(usb_midi.o)
                              build/Palimpsest.o (daisy::MidiUsbTransport::Init(daisy::MidiUsbTransport::Config))
../../DaisyExamples/libDaisy/build/libdaisy.a(adc.o)
                              ../../DaisyExamples/libDaisy/build/libdaisy.a(daisy_patch.o) (daisy::AdcChannelConfig::InitSingle(dsy_gpio_pin, daisy::AdcChannelConfig::ConversionSpeed))
../../DaisyExamples/libDaisy/build/libdaisy.a(dac.o)
                              ../../DaisyExamples/libDaisy/build/libdaisy.a(daisy_patch.o) (daisy::DacHandle::Init(daisy::DacHandle::Config const&))
../../DaisyExamples/libDaisy/build/libdaisy.a(gpio.o)
                              ../../DaisyExamples/libDaisy/build/libdaisy.a(daisy_seed.o) (daisy::GPIO::Init(daisy::Pin, daisy::GPIO::Mode, daisy::GPIO::Pull, daisy::GPIO::Speed))
../../DaisyExamples/libDaisy/build/libdaisy.a(i2c.o)
                              ../../DaisyExamples/libDaisy/build/libdaisy.a(daisy_seed.o) (daisy::I2CHandle::Init(daisy::I2CHandle::Config const&))
../../DaisyExamples/libDaisy/build/libdaisy.a(qspi.o)
                              ../../DaisyExamples/libDaisy/build/libdaisy.a(daisy_seed.o) (daisy::QSPIHandle::Init(daisy::QSPIHandle::Config const&))
../../DaisyExamples/libDaisy/build/libdaisy.a(sai.o)
                              ../../DaisyExamples/libDaisy/build/libdaisy.a(daisy_patch.o) (daisy::SaiHandle::Init(daisy::SaiHandle::Config const&))
../../DaisyExamples/libDaisy/build/libdaisy.a(spi.o)
                              ../../DaisyExamples/libDaisy/build/libdaisy.a(daisy_patch.o) (daisy::SpiHandle::Init(daisy::SpiHandle::Config const&))
../../DaisyExamples/libDaisy/build/libdaisy.a(uart.o)
                              ../../DaisyExamples/libDaisy/build/libdaisy.a(daisy_patch.o) (daisy::UartHandler::Init(daisy::UartHandler::Config const&))
../../DaisyExamples/libDaisy/build/libdaisy.a(dma.o)
                              build/Palimpsest.o (dsy_dma_clear_cache_for_buffer)
../../DaisyExamples/libDaisy/build/libdaisy.a(system.o)
                              ../../DaisyExamples/libDaisy/build/libdaisy.a(daisy_seed.o) (daisy::System::DeInit())
../../DaisyExamples/libDaisy/build/libdaisy.a(system_stm32h7xx.o)
                              build/startup_stm32h750xx.o (SystemInit)
../../DaisyExamples/libDaisy/build/libdaisy.a(usbd_conf.o)
                              ../../DaisyExamples/libDaisy/build/libdaisy.a(system.o) (hpcd_USB_OTG_HS)
../../DaisyExamples/libDaisy/build/libdaisy.a(usbh_conf.o)
[...]
Memory Configuration

Name             Origin             Length             Attributes
FLASH            0x0000000008000000 0x0000000000020000 xr
DTCMRAM          0x0000000020000000 0x0000000000020000 xrw
SRAM             0x0000000024000000 0x0000000000080000 xrw
RAM_D2           0x0000000030000000 0x0000000000048000 xrw
RAM_D3           0x0000000038000000 0x0000000000010000 xrw
BACKUP_SRAM      0x0000000038800000 0x0000000000001000 xrw
ITCMRAM          0x0000000000000000 0x0000000000010000 xrw
SDRAM            0x00000000c0000000 0x0000000004000000 xrw
QSPIFLASH        0x0000000090000000 0x0000000000800000 xr
*default*        0x0000000000000000 0xffffffffffffffff

Linker script and memory map

LOAD /Applications/ARM/bin/../lib/gcc/arm-none-eabi/10.3.1/thumb/v7e-m+dp/hard/crti.o
LOAD /Applications/ARM/bin/../lib/gcc/arm-none-eabi/10.3.1/thumb/v7e-m+dp/hard/crtbegin.o
LOAD /Applications/ARM/bin/../lib/gcc/arm-none-eabi/10.3.1/../../../../arm-none-eabi/lib/thumb/v7e-m+dp/hard/crt0.o
LOAD build/startup_stm32h750xx.o
LOAD build/Palimpsest.o
LOAD ../../DaisyExamples/libDaisy/build/libdaisy.a
LOAD /Applications/ARM/bin/../lib/gcc/arm-none-eabi/10.3.1/../../../../arm-none-eabi/lib/thumb/v7e-m+dp/hard/libnosys.a
LOAD ../../DaisyExamples/DaisySP/build/libdaisysp.a
LOAD /Applications/ARM/bin/../lib/gcc/arm-none-eabi/10.3.1/../../../../arm-none-eabi/lib/thumb/v7e-m+dp/hard/libstdc++_nano.a
LOAD /Applications/ARM/bin/../lib/gcc/arm-none-eabi/10.3.1/../../../../arm-none-eabi/lib/thumb/v7e-m+dp/hard/libm.a
LOAD /Applications/ARM/bin/../lib/gcc/arm-none-eabi/10.3.1/../../../../arm-none-eabi/lib/thumb/v7e-m+dp/hard/libc_nano.a
START GROUP
LOAD /Applications/ARM/bin/../lib/gcc/arm-none-eabi/10.3.1/thumb/v7e-m+dp/hard/libgcc.a
LOAD /Applications/ARM/bin/../lib/gcc/arm-none-eabi/10.3.1/../../../../arm-none-eabi/lib/thumb/v7e-m+dp/hard/libc_nano.a
END GROUP
START GROUP
LOAD /Applications/ARM/bin/../lib/gcc/arm-none-eabi/10.3.1/thumb/v7e-m+dp/hard/libgcc.a
LOAD /Applications/ARM/bin/../lib/gcc/arm-none-eabi/10.3.1/../../../../arm-none-eabi/lib/thumb/v7e-m+dp/hard/libc_nano.a
LOAD /Applications/ARM/bin/../lib/gcc/arm-none-eabi/10.3.1/../../../../arm-none-eabi/lib/thumb/v7e-m+dp/hard/libnosys.a
END GROUP
START GROUP
LOAD /Applications/ARM/bin/../lib/gcc/arm-none-eabi/10.3.1/thumb/v7e-m+dp/hard/libgcc.a
LOAD /Applications/ARM/bin/../lib/gcc/arm-none-eabi/10.3.1/../../../../arm-none-eabi/lib/thumb/v7e-m+dp/hard/libc_nano.a
LOAD /Applications/ARM/bin/../lib/gcc/arm-none-eabi/10.3.1/../../../../arm-none-eabi/lib/thumb/v7e-m+dp/hard/libnosys.a
END GROUP
LOAD /Applications/ARM/bin/../lib/gcc/arm-none-eabi/10.3.1/thumb/v7e-m+dp/hard/crtend.o
LOAD /Applications/ARM/bin/../lib/gcc/arm-none-eabi/10.3.1/thumb/v7e-m+dp/hard/crtn.o
                0x0000000020020000                _estack = 0x20020000

.isr_vector     0x0000000008000000      0x298
                0x0000000008000000                . = ALIGN (0x4)
 *(.isr_vector)
 .isr_vector    0x0000000008000000      0x298 build/startup_stm32h750xx.o
                0x0000000008000000                g_pfnVectors
                0x0000000008000298                . = ALIGN (0x4)

.text           0x00000000080002a0    0x1a638
                0x00000000080002a0                . = ALIGN (0x4)
                0x00000000080002a0                _stext = .
 *(.text)
 .text          0x00000000080002a0       0x40 /Applications/ARM/bin/../lib/gcc/arm-none-eabi/10.3.1/thumb/v7e-m+dp/hard/crtbegin.o
 .text          0x00000000080002e0       0xa0 /Applications/ARM/bin/../lib/gcc/arm-none-eabi/10.3.1/../../../../arm-none-eabi/lib/thumb/v7e-m+dp/hard/libc_nano.a(lib_a-memchr.o)
                0x00000000080002e0                memchr
 .text          0x0000000008000380      0x378 /Applications/ARM/bin/../lib/gcc/arm-none-eabi/10.3.1/thumb/v7e-m+dp/hard/libgcc.a(_arm_addsubdf3.o)
                0x0000000008000380                __aeabi_drsub
                0x0000000008000388                __subdf3
                0x0000000008000388                __aeabi_dsub
                0x000000000800038c                __aeabi_dadd
                0x000000000800038c                __adddf3
                0x0000000008000604                __aeabi_ui2d
                0x0000000008000604                __floatunsidf
                0x0000000008000624                __floatsidf
                0x0000000008000624                __aeabi_i2d
                0x0000000008000648                __extendsfdf2
                0x0000000008000648                __aeabi_f2d
                0x000000000800068c                __aeabi_ul2d
                0x000000000800068c                __floatundidf
                0x000000000800069c                __aeabi_l2d
                0x000000000800069c                __floatdidf
 .text          0x00000000080006f8       0x30 /Applications/ARM/bin/../lib/gcc/arm-none-eabi/10.3.1/thumb/v7e-m+dp/hard/libgcc.a(_aeabi_uldivmod.o)
                0x00000000080006f8                __aeabi_uldivmod
 .text          0x0000000008000728      0x2d0 /Applications/ARM/bin/../lib/gcc/arm-none-eabi/10.3.1/thumb/v7e-m+dp/hard/libgcc.a(_udivmoddi4.o)
                0x0000000008000728                __udivmoddi4
 .text          0x00000000080009f8        0x4 /Applications/ARM/bin/../lib/gcc/arm-none-eabi/10.3.1/thumb/v7e-m+dp/hard/libgcc.a(_dvmd_tls.o)
                0x00000000080009f8                __aeabi_ldiv0
                0x00000000080009f8                __aeabi_idiv0
 *(.text*)
 .text.Default_Handler
                0x00000000080009fc        0x4 build/startup_stm32h750xx.o
                0x00000000080009fc                SAI1_IRQHandler
                0x00000000080009fc                HASH_RNG_IRQHandler
                0x00000000080009fc                EXTI2_IRQHandler
                0x00000000080009fc                TIM8_CC_IRQHandler
                0x00000000080009fc                HRTIM1_Master_IRQHandler
                0x00000000080009fc                DebugMon_Handler
                0x00000000080009fc                TIM1_CC_IRQHandler
                0x00000000080009fc                BDMA_Channel6_IRQHandler
                0x00000000080009fc                DMA2_Stream5_IRQHandler
                0x00000000080009fc                HRTIM1_FLT_IRQHandler
                0x00000000080009fc                JPEG_IRQHandler
                0x00000000080009fc                BDMA_Channel1_IRQHandler
                0x00000000080009fc                HRTIM1_TIMD_IRQHandler
                0x00000000080009fc                TAMP_STAMP_IRQHandler
                0x00000000080009fc                PendSV_Handler
                0x00000000080009fc                NMI_Handler
                0x00000000080009fc                EXTI3_IRQHandler
                0x00000000080009fc                LPTIM4_IRQHandler
                0x00000000080009fc                TIM8_TRG_COM_TIM14_IRQHandler
                0x00000000080009fc                LPTIM2_IRQHandler
                0x00000000080009fc                DFSDM1_FLT1_IRQHandler
                0x00000000080009fc                DMAMUX2_OVR_IRQHandler
                0x00000000080009fc                TIM8_UP_TIM13_IRQHandler
                0x00000000080009fc                I2C3_ER_IRQHandler
                0x00000000080009fc                DFSDM1_FLT2_IRQHandler
                0x00000000080009fc                MDMA_IRQHandler
                0x00000000080009fc                LPTIM3_IRQHandler
                0x00000000080009fc                HSEM1_IRQHandler
                0x00000000080009fc                EXTI0_IRQHandler
                0x00000000080009fc                FPU_IRQHandler
                0x00000000080009fc                OTG_HS_WKUP_IRQHandler
                0x00000000080009fc                FDCAN1_IT1_IRQHandler
                0x00000000080009fc                UsageFault_Handler
                0x00000000080009fc                LTDC_ER_IRQHandler
                0x00000000080009fc                HRTIM1_TIME_IRQHandler
                0x00000000080009fc                DCMI_IRQHandler
                0x00000000080009fc                HRTIM1_TIMC_IRQHandler
                0x00000000080009fc                SAI2_IRQHandler
                0x00000000080009fc                DFSDM1_FLT3_IRQHandler
                0x00000000080009fc                TIM17_IRQHandler
                0x00000000080009fc                CRYP_IRQHandler
                0x00000000080009fc                BDMA_Channel7_IRQHandler
                0x00000000080009fc                LPTIM5_IRQHandler
                0x00000000080009fc                ADC3_IRQHandler
                0x00000000080009fc                BDMA_Channel2_IRQHandler
                0x00000000080009fc                DMAMUX1_OVR_IRQHandler
                0x00000000080009fc                TIM16_IRQHandler
                0x00000000080009fc                BDMA_Channel5_IRQHandler
                0x00000000080009fc                RCC_IRQHandler
                0x00000000080009fc                TIM8_BRK_TIM12_IRQHandler
                0x00000000080009fc                TIM1_TRG_COM_IRQHandler
                0x00000000080009fc                Default_Handler
                0x00000000080009fc                ECC_IRQHandler
                0x00000000080009fc                CEC_IRQHandler
                0x00000000080009fc                EXTI15_10_IRQHandler
                0x00000000080009fc                BDMA_Channel0_IRQHandler
                0x00000000080009fc                ADC_IRQHandler
                0x00000000080009fc                DMA1_Stream7_IRQHandler
                0x00000000080009fc                HRTIM1_TIMA_IRQHandler
                0x00000000080009fc                TIM7_IRQHandler
                0x00000000080009fc                SDMMC1_IRQHandler
                0x00000000080009fc                DMA2_Stream7_IRQHandler
                0x00000000080009fc                TIM15_IRQHandler
                0x00000000080009fc                PVD_AVD_IRQHandler
                0x00000000080009fc                EXTI9_5_IRQHandler
                0x00000000080009fc                RTC_WKUP_IRQHandler
                0x00000000080009fc                LTDC_IRQHandler
                0x00000000080009fc                SAI3_IRQHandler
                0x00000000080009fc                ETH_WKUP_IRQHandler
                0x00000000080009fc                SPDIF_RX_IRQHandler
                0x00000000080009fc                MemManage_Handler
                0x00000000080009fc                SVC_Handler
                0x00000000080009fc                CRS_IRQHandler
                0x00000000080009fc                EXTI4_IRQHandler
                0x00000000080009fc                HRTIM1_TIMB_IRQHandler
                0x00000000080009fc                FDCAN2_IT1_IRQHandler
                0x00000000080009fc                ETH_IRQHandler
                0x00000000080009fc                TIM1_UP_IRQHandler
                0x00000000080009fc                BDMA_Channel4_IRQHandler
                0x00000000080009fc                WWDG_IRQHandler
                0x00000000080009fc                SPI6_IRQHandler
                0x00000000080009fc                I2C4_EV_IRQHandler
                0x00000000080009fc                MDIOS_IRQHandler
                0x00000000080009fc                FDCAN2_IT0_IRQHandler
                0x00000000080009fc                FDCAN1_IT0_IRQHandler
                0x00000000080009fc                OTG_FS_WKUP_IRQHandler
                0x00000000080009fc                DMA2D_IRQHandler
                0x00000000080009fc                TIM1_BRK_IRQHandler
                0x00000000080009fc                EXTI1_IRQHandler
                0x00000000080009fc                SDMMC2_IRQHandler
                0x00000000080009fc                BDMA_Channel3_IRQHandler
                0x00000000080009fc                MDIOS_WKUP_IRQHandler
                0x00000000080009fc                DFSDM1_FLT0_IRQHandler
                0x00000000080009fc                SAI4_IRQHandler
                0x00000000080009fc                I2C2_ER_IRQHandler
                0x00000000080009fc                FLASH_IRQHandler
                0x00000000080009fc                BusFault_Handler
                0x00000000080009fc                WAKEUP_PIN_IRQHandler
                0x00000000080009fc                I2C1_ER_IRQHandler
                0x00000000080009fc                FMC_IRQHandler
                0x00000000080009fc                FDCAN_CAL_IRQHandler
                0x00000000080009fc                SWPMI1_IRQHandler
                0x00000000080009fc                COMP1_IRQHandler
                0x00000000080009fc                LPTIM1_IRQHandler
                0x00000000080009fc                I2C4_ER_IRQHandler
                0x00000000080009fc                DMA2_Stream6_IRQHandler
                0x00000000080009fc                RTC_Alarm_IRQHandler
 .text.Reset_Handler
                0x0000000008000a00       0x44 build/startup_stm32h750xx.o
                0x0000000008000a00                Reset_Handler
 .text._ZN5daisy10DaisyPatchD2Ev
                0x0000000008000a44        0x4 build/Palimpsest.o
                0x0000000008000a44                daisy::DaisyPatch::~DaisyPatch()
                0x0000000008000a44                daisy::DaisyPatch::~DaisyPatch()
 .text._ZN5daisy11OledDisplayINS_13SSD130xDriverILj128ELj64ENS_24SSD130x4WireSpiTransportEEEED2Ev
                0x0000000008000a48        0x4 build/Palimpsest.o
                0x0000000008000a48                daisy::OledDisplay<daisy::SSD130xDriver<128u, 64u, daisy::SSD130x4WireSpiTransport> >::~OledDisplay()
                0x0000000008000a48                daisy::OledDisplay<daisy::SSD130xDriver<128u, 64u, daisy::SSD130x4WireSpiTransport> >::~OledDisplay()
 .text._ZN5daisy11OledDisplayINS_13SSD130xDriverILj128ELj64ENS_24SSD130x4WireSpiTransportEEEE4FillEb
                0x0000000008000a4c       0x10 build/Palimpsest.o
                0x0000000008000a4c                daisy::OledDisplay<daisy::SSD130xDriver<128u, 64u, daisy::SSD130x4WireSpiTransport> >::Fill(bool)
 .text._ZNK5daisy11OledDisplayINS_13SSD130xDriverILj128ELj64ENS_24SSD130x4WireSpiTransportEEEE6HeightEv
                0x0000000008000a5c        0x4 build/Palimpsest.o
                0x0000000008000a5c                daisy::OledDisplay<daisy::SSD130xDriver<128u, 64u, daisy::SSD130x4WireSpiTransport> >::Height() const
 .text._ZNK5daisy11OledDisplayINS_13SSD130xDriverILj128ELj64ENS_24SSD130x4WireSpiTransportEEEE5WidthEv
                0x0000000008000a60        0x4 build/Palimpsest.o
                0x0000000008000a60                daisy::OledDisplay<daisy::SSD130xDriver<128u, 64u, daisy::SSD130x4WireSpiTransport> >::Width() const
 .text._ZN5daisy11MidiHandlerINS_16MidiUsbTransportEED2Ev
                0x0000000008000a64        0x4 build/Palimpsest.o
                0x0000000008000a64                daisy::MidiHandler<daisy::MidiUsbTransport>::~MidiHandler()
                0x0000000008000a64                daisy::MidiHandler<daisy::MidiUsbTransport>::~MidiHandler()
 .text._ZN5daisy11OledDisplayINS_13SSD130xDriverILj128ELj64ENS_24SSD130x4WireSpiTransportEEEED0Ev
                0x0000000008000a68       0x10 build/Palimpsest.o
                0x0000000008000a68                daisy::OledDisplay<daisy::SSD130xDriver<128u, 64u, daisy::SSD130x4WireSpiTransport> >::~OledDisplay()
 .text._ZN5daisy17MidiUartTransport10rxCallbackEPhjPvNS_11UartHandler6ResultE
                0x0000000008000a78        0xc build/Palimpsest.o
                0x0000000008000a78                daisy::MidiUartTransport::rxCallback(unsigned char*, unsigned int, void*, daisy::UartHandler::Result)
 .text._ZN5daisy11MidiHandlerINS_17MidiUartTransportEE13ParseCallbackEPhjPv
                0x0000000008000a84       0x74 build/Palimpsest.o
                0x0000000008000a84                daisy::MidiHandler<daisy::MidiUartTransport>::ParseCallback(unsigned char*, unsigned int, void*)
 .text._ZN5daisy11MidiHandlerINS_16MidiUsbTransportEE13ParseCallbackEPhjPv
                0x0000000008000af8       0x74 build/Palimpsest.o
                0x0000000008000af8                daisy::MidiHandler<daisy::MidiUsbTransport>::ParseCallback(unsigned char*, unsigned int, void*)
 .text._ZN5daisy11OledDisplayINS_13SSD130xDriverILj128ELj64ENS_24SSD130x4WireSpiTransportEEEE6UpdateEv
                0x0000000008000b6c       0x8c build/Palimpsest.o
                0x0000000008000b6c                daisy::OledDisplay<daisy::SSD130xDriver<128u, 64u, daisy::SSD130x4WireSpiTransport> >::Update()
 .text._ZL8PumpMidiv
                0x0000000008000bf8      0x2f8 build/Palimpsest.o
 .text._ZNK10LoopReader9ReadLocalERK10LoopBufferdiddib.isra.0
                0x0000000008000ef0      0x300 build/Palimpsest.o
 .text._ZN5daisy11OledDisplayINS_13SSD130xDriverILj128ELj64ENS_24SSD130x4WireSpiTransportEEEE9DrawPixelEjjb
                0x00000000080011f0       0x44 build/Palimpsest.o
                0x00000000080011f0                daisy::OledDisplay<daisy::SSD130xDriver<128u, 64u, daisy::SSD130x4WireSpiTransport> >::DrawPixel(unsigned int, unsigned int, bool)
 .text._ZN5daisy25OneBitGraphicsDisplayImplINS_11OledDisplayINS_13SSD130xDriverILj128ELj64ENS_24SSD130x4WireSpiTransportEEEEEE8DrawLineEjjjjb
                0x0000000008001234       0xfc build/Palimpsest.o
                0x0000000008001234                daisy::OneBitGraphicsDisplayImpl<daisy::OledDisplay<daisy::SSD130xDriver<128u, 64u, daisy::SSD130x4WireSpiTransport> > >::DrawLine(unsigned int, unsigned int, unsigned int, unsigned int, bool)
 .text._ZN5daisy25OneBitGraphicsDisplayImplINS_11OledDisplayINS_13SSD130xDriverILj128ELj64ENS_24SSD130x4WireSpiTransportEEEEEE7DrawArcEjjjiib
                0x0000000008001330      0x478 build/Palimpsest.o
                0x0000000008001330                daisy::OneBitGraphicsDisplayImpl<daisy::OledDisplay<daisy::SSD130xDriver<128u, 64u, daisy::SSD130x4WireSpiTransport> > >::DrawArc(unsigned int, unsigned int, unsigned int, int, int, bool)
 .text._ZN5daisy25OneBitGraphicsDisplayImplINS_11OledDisplayINS_13SSD130xDriverILj128ELj64ENS_24SSD130x4WireSpiTransportEEEEEE11WriteStringEPKc7FontDefb
                0x00000000080017a8      0x1c0 build/Palimpsest.o
                0x00000000080017a8                daisy::OneBitGraphicsDisplayImpl<daisy::OledDisplay<daisy::SSD130xDriver<128u, 64u, daisy::SSD130x4WireSpiTransport> > >::WriteString(char const*, FontDef, bool)
 .text._ZN5daisy25OneBitGraphicsDisplayImplINS_11OledDisplayINS_13SSD130xDriverILj128ELj64ENS_24SSD130x4WireSpiTransportEEEEEE18WriteStringAlignedEPKcRK7FontDefNS_9RectangleENS_9AlignmentEb
                0x0000000008001968      0x26c build/Palimpsest.o
                0x0000000008001968                daisy::OneBitGraphicsDisplayImpl<daisy::OledDisplay<daisy::SSD130xDriver<128u, 64u, daisy::SSD130x4WireSpiTransport> > >::WriteStringAligned(char const*, FontDef const&, daisy::Rectangle, daisy::Alignment, bool)
 .text._ZN5daisy25OneBitGraphicsDisplayImplINS_11OledDisplayINS_13SSD130xDriverILj128ELj64ENS_24SSD130x4WireSpiTransportEEEEEE9WriteCharEc7FontDefb
                0x0000000008001bd4      0x1a0 build/Palimpsest.o
                0x0000000008001bd4                daisy::OneBitGraphicsDisplayImpl<daisy::OledDisplay<daisy::SSD130xDriver<128u, 64u, daisy::SSD130x4WireSpiTransport> > >::WriteChar(char, FontDef, bool)
 .text._ZN5daisy25OneBitGraphicsDisplayImplINS_11OledDisplayINS_13SSD130xDriverILj128ELj64ENS_24SSD130x4WireSpiTransportEEEEEE8DrawRectEjjjjbb
                0x0000000008001d74      0x418 build/Palimpsest.o
                0x0000000008001d74                daisy::OneBitGraphicsDisplayImpl<daisy::OledDisplay<daisy::SSD130xDriver<128u, 64u, daisy::SSD130x4WireSpiTransport> > >::DrawRect(unsigned int, unsigned int, unsigned int, unsigned int, bool, bool)
 *fill*         0x000000000800218c        0x4 
 .text._ZN10LoopReader7ProcessERK10LoopBufferj
                0x0000000008002190      0x3e8 build/Palimpsest.o
                0x0000000008002190                LoopReader::Process(LoopBuffer const&, unsigned int)
 .text._ZN6Engine7ProcessEf
                0x0000000008002578      0x30c build/Palimpsest.o
                0x0000000008002578                Engine::Process(float)
 *fill*         0x0000000008002884        0x4 
 .text._ZL13AudioCallbackPKPKfPPfj
                0x0000000008002888      0xa30 build/Palimpsest.o
 .text.startup.main
                0x00000000080032b8     0x1238 build/Palimpsest.o
                0x00000000080032b8                main
 .text.startup._GLOBAL__sub_I_hw
                0x00000000080044f0       0xd4 build/Palimpsest.o
 .text._ZN5daisy10DaisyPatch10StartAudioEPFvPKPKfPPfjE
                0x00000000080045c4        0x4 ../../DaisyExamples/libDaisy/build/libdaisy.a(daisy_patch.o)
                0x00000000080045c4                daisy::DaisyPatch::StartAudio(void (*)(float const* const*, float**, unsigned int))
 .text._ZN5daisy10DaisyPatch18SetAudioSampleRateENS_9SaiHandle6Config10SampleRateE
                0x00000000080045c8       0x24 ../../DaisyExamples/libDaisy/build/libdaisy.a(daisy_patch.o)
                0x00000000080045c8                daisy::DaisyPatch::SetAudioSampleRate(daisy::SaiHandle::Config::SampleRate)
 .text._ZN5daisy10DaisyPatch15AudioSampleRateEv
                0x00000000080045ec        0x4 ../../DaisyExamples/libDaisy/build/libdaisy.a(daisy_patch.o)
                0x00000000080045ec                daisy::DaisyPatch::AudioSampleRate()
 .text._ZN5daisy10DaisyPatch17SetAudioBlockSizeEj
                0x00000000080045f0       0x24 ../../DaisyExamples/libDaisy/build/libdaisy.a(daisy_patch.o)
                0x00000000080045f0                daisy::DaisyPatch::SetAudioBlockSize(unsigned int)
 .text._ZN5daisy10DaisyPatch14AudioBlockSizeEv
                0x0000000008004614        0x4 ../../DaisyExamples/libDaisy/build/libdaisy.a(daisy_patch.o)
                0x0000000008004614                daisy::DaisyPatch::AudioBlockSize()
 .text._ZN5daisy10DaisyPatch8StartAdcEv
                0x0000000008004618        0x8 ../../DaisyExamples/libDaisy/build/libdaisy.a(daisy_patch.o)
                0x0000000008004618                daisy::DaisyPatch::StartAdc()
 .text._ZN5daisy10DaisyPatch21ProcessAnalogControlsEv
                0x0000000008004620       0x28 ../../DaisyExamples/libDaisy/build/libdaisy.a(daisy_patch.o)
                0x0000000008004620                daisy::DaisyPatch::ProcessAnalogControls()
 .text._ZN5daisy10DaisyPatch12GetKnobValueENS0_4CtrlE
                0x0000000008004648        0xc ../../DaisyExamples/libDaisy/build/libdaisy.a(daisy_patch.o)
                0x0000000008004648                daisy::DaisyPatch::GetKnobValue(daisy::DaisyPatch::Ctrl)
 .text._ZN5daisy10DaisyPatch22ProcessDigitalControlsEv
                0x0000000008004654        0x8 ../../DaisyExamples/libDaisy/build/libdaisy.a(daisy_patch.o)
                0x0000000008004654                daisy::DaisyPatch::ProcessDigitalControls()
 .text._ZN5daisy10DaisyPatch9InitAudioEv
                0x000000000800465c       0xbc ../../DaisyExamples/libDaisy/build/libdaisy.a(daisy_patch.o)
                0x000000000800465c                daisy::DaisyPatch::InitAudio()
 .text._ZN5daisy10DaisyPatch12InitControlsEv
                0x0000000008004718       0xa4 ../../DaisyExamples/libDaisy/build/libdaisy.a(daisy_patch.o)
                0x0000000008004718                daisy::DaisyPatch::InitControls()
 *fill*         0x00000000080047bc        0x4 
 .text._ZN5daisy10DaisyPatch11InitDisplayEv
                0x00000000080047c0      0x31c ../../DaisyExamples/libDaisy/build/libdaisy.a(daisy_patch.o)
                0x00000000080047c0                daisy::DaisyPatch::InitDisplay()
 .text._ZN5daisy10DaisyPatch4InitEb
                0x0000000008004adc      0x144 ../../DaisyExamples/libDaisy/build/libdaisy.a(daisy_patch.o)
                0x0000000008004adc                daisy::DaisyPatch::Init(bool)
 .text._ZN5daisy9DaisySeed9ConfigureEv
                0x0000000008004c20        0x4 ../../DaisyExamples/libDaisy/build/libdaisy.a(daisy_seed.o)
                0x0000000008004c20                daisy::DaisySeed::Configure()
 .text._ZN5daisy9DaisySeed10StartAudioEPFvPKPKfPPfjE
                0x0000000008004c24        0x8 ../../DaisyExamples/libDaisy/build/libdaisy.a(daisy_seed.o)
                0x0000000008004c24                daisy::DaisySeed::StartAudio(void (*)(float const* const*, float**, unsigned int))
 .text._ZN5daisy9DaisySeed18SetAudioSampleRateENS_9SaiHandle6Config10SampleRateE
                0x0000000008004c2c       0x38 ../../DaisyExamples/libDaisy/build/libdaisy.a(daisy_seed.o)
                0x0000000008004c2c                daisy::DaisySeed::SetAudioSampleRate(daisy::SaiHandle::Config::SampleRate)
 .text._ZN5daisy9DaisySeed15AudioSampleRateEv
                0x0000000008004c64        0x8 ../../DaisyExamples/libDaisy/build/libdaisy.a(daisy_seed.o)
                0x0000000008004c64                daisy::DaisySeed::AudioSampleRate()
 .text._ZN5daisy9DaisySeed17SetAudioBlockSizeEj
                0x0000000008004c6c       0x38 ../../DaisyExamples/libDaisy/build/libdaisy.a(daisy_seed.o)
                0x0000000008004c6c                daisy::DaisySeed::SetAudioBlockSize(unsigned int)
 .text._ZN5daisy9DaisySeed14AudioBlockSizeEv
                0x0000000008004ca4        0xc ../../DaisyExamples/libDaisy/build/libdaisy.a(daisy_seed.o)
                0x0000000008004ca4                daisy::DaisySeed::AudioBlockSize()
 .text._ZNK5daisy9DaisySeed17AudioCallbackRateEv
                0x0000000008004cb0        0x8 ../../DaisyExamples/libDaisy/build/libdaisy.a(daisy_seed.o)
                0x0000000008004cb0                daisy::DaisySeed::AudioCallbackRate() const
 .text._ZN5daisy9DaisySeed17CheckBoardVersionEv
                0x0000000008004cb8       0x6c ../../DaisyExamples/libDaisy/build/libdaisy.a(daisy_seed.o)
                0x0000000008004cb8                daisy::DaisySeed::CheckBoardVersion()
 .text._ZN5daisy9DaisySeed14ConfigureAudioEv
                0x0000000008004d24      0x10c ../../DaisyExamples/libDaisy/build/libdaisy.a(daisy_seed.o)
                0x0000000008004d24                daisy::DaisySeed::ConfigureAudio()
 .text._ZN5daisy9DaisySeed4InitEb
                0x0000000008004e30      0x108 ../../DaisyExamples/libDaisy/build/libdaisy.a(daisy_seed.o)
                0x0000000008004e30                daisy::DaisySeed::Init(bool)
 .text._ZN5daisy6Ak45564InitE12dsy_gpio_pin
                0x0000000008004f38       0x44 ../../DaisyExamples/libDaisy/build/libdaisy.a(codec_ak4556.o)
                0x0000000008004f38                daisy::Ak4556::Init(dsy_gpio_pin)
 .text._ZN5daisy6Wm873120WriteControlRegisterEht
                0x0000000008004f7c       0x3c ../../DaisyExamples/libDaisy/build/libdaisy.a(codec_wm8731.o)
                0x0000000008004f7c                daisy::Wm8731::WriteControlRegister(unsigned char, unsigned short)
 .text._ZN5daisy6Wm87314InitERKNS0_6ConfigENS_9I2CHandleE
                0x0000000008004fb8      0x1bc ../../DaisyExamples/libDaisy/build/libdaisy.a(codec_wm8731.o)
                0x0000000008004fb8                daisy::Wm8731::Init(daisy::Wm8731::Config const&, daisy::I2CHandle)
 .text._ZN11SdramHandle10DeviceInitEv
                0x0000000008005174       0x98 ../../DaisyExamples/libDaisy/build/libdaisy.a(sdram.o)
                0x0000000008005174                SdramHandle::DeviceInit()
 .text._ZN11SdramHandle4InitEv
                0x000000000800520c       0x7c ../../DaisyExamples/libDaisy/build/libdaisy.a(sdram.o)
                0x000000000800520c                SdramHandle::Init()
 .text.HAL_SDRAM_MspInit
                0x0000000008005288      0x1a8 ../../DaisyExamples/libDaisy/build/libdaisy.a(sdram.o)
                0x0000000008005288                HAL_SDRAM_MspInit
 .text._ZN5daisy11AudioHandle4Impl16InternalCallbackEPlS2_j
                0x0000000008005430      0xbbc ../../DaisyExamples/libDaisy/build/libdaisy.a(audio.o)
                0x0000000008005430                daisy::AudioHandle::Impl::InternalCallback(long*, long*, unsigned int)
 .text._ZN5daisy11AudioHandle4InitERKNS0_6ConfigENS_9SaiHandleE
                0x0000000008005fec       0x70 ../../DaisyExamples/libDaisy/build/libdaisy.a(audio.o)
                0x0000000008005fec                daisy::AudioHandle::Init(daisy::AudioHandle::Config const&, daisy::SaiHandle)
 .text._ZN5daisy11AudioHandle4InitERKNS0_6ConfigENS_9SaiHandleES4_
                0x000000000800605c       0x88 ../../DaisyExamples/libDaisy/build/libdaisy.a(audio.o)
                0x000000000800605c                daisy::AudioHandle::Init(daisy::AudioHandle::Config const&, daisy::SaiHandle, daisy::SaiHandle)
 .text._ZNK5daisy11AudioHandle9GetConfigEv
                0x00000000080060e4        0x8 ../../DaisyExamples/libDaisy/build/libdaisy.a(audio.o)
                0x00000000080060e4                daisy::AudioHandle::GetConfig() const
 .text._ZN5daisy11AudioHandle12SetBlockSizeEj
                0x00000000080060ec       0x1c ../../DaisyExamples/libDaisy/build/libdaisy.a(audio.o)
                0x00000000080060ec                daisy::AudioHandle::SetBlockSize(unsigned int)
 .text._ZN5daisy11AudioHandle13GetSampleRateEv
                0x0000000008006108        0x8 ../../DaisyExamples/libDaisy/build/libdaisy.a(audio.o)
                0x0000000008006108                daisy::AudioHandle::GetSampleRate()
 .text._ZN5daisy11AudioHandle13SetSampleRateENS_9SaiHandle6Config10SampleRateE
                0x0000000008006110       0x88 ../../DaisyExamples/libDaisy/build/libdaisy.a(audio.o)
                0x0000000008006110                daisy::AudioHandle::SetSampleRate(daisy::SaiHandle::Config::SampleRate)
 .text._ZN5daisy11AudioHandle5StartEPFvPKPKfPPfjE
                0x0000000008006198       0x44 ../../DaisyExamples/libDaisy/build/libdaisy.a(audio.o)
                0x0000000008006198                daisy::AudioHandle::Start(void (*)(float const* const*, float**, unsigned int))
 .text.startup._GLOBAL__sub_I__ZN5daisy11AudioHandle4Impl4InitENS0_6ConfigENS_9SaiHandleE
                0x00000000080061dc       0x24 ../../DaisyExamples/libDaisy/build/libdaisy.a(audio.o)
 .text._ZN5daisy13AnalogControl4InitEPtfbbf
                0x0000000008006200       0x64 ../../DaisyExamples/libDaisy/build/libdaisy.a(ctrl.o)
                0x0000000008006200                daisy::AnalogControl::Init(unsigned short*, float, bool, bool, float)
 .text._ZN5daisy13AnalogControl7ProcessEv
                0x0000000008006264       0x48 ../../DaisyExamples/libDaisy/build/libdaisy.a(ctrl.o)
                0x0000000008006264                daisy::AnalogControl::Process()
 .text._ZN5daisy13AnalogControl13SetSampleRateEf
                0x00000000080062ac       0x58 ../../DaisyExamples/libDaisy/build/libdaisy.a(ctrl.o)
                0x00000000080062ac                daisy::AnalogControl::SetSampleRate(float)
 .text._ZN5daisy7Encoder4InitE12dsy_gpio_pinS1_S1_f
                0x0000000008006304       0x60 ../../DaisyExamples/libDaisy/build/libdaisy.a(encoder.o)
                0x0000000008006304                daisy::Encoder::Init(dsy_gpio_pin, dsy_gpio_pin, dsy_gpio_pin, float)
 .text._ZN5daisy7Encoder8DebounceEv
                0x0000000008006364       0x7c ../../DaisyExamples/libDaisy/build/libdaisy.a(encoder.o)
                0x0000000008006364                daisy::Encoder::Debounce()
 .text._ZN5daisy6GateIn4InitENS_3PinEb
                0x00000000080063e0       0x24 ../../DaisyExamples/libDaisy/build/libdaisy.a(gatein.o)
                0x00000000080063e0                daisy::GateIn::Init(daisy::Pin, bool)
 .text._ZN5daisy17MidiUartTransport6ConfigC2Ev
                0x0000000008006404       0x28 ../../DaisyExamples/libDaisy/build/libdaisy.a(midi.o)
                0x0000000008006404                daisy::MidiUartTransport::Config::Config()
                0x0000000008006404                daisy::MidiUartTransport::Config::Config()
 .text._ZN5daisy10MidiParser5ParseEhPNS_9MidiEventE
                0x000000000800642c      0x170 ../../DaisyExamples/libDaisy/build/libdaisy.a(midi_parser.o)
                0x000000000800642c                daisy::MidiParser::Parse(unsigned char, daisy::MidiEvent*)
 .text._ZN5daisy10MidiParser5ResetEv
                0x000000000800659c        0xc ../../DaisyExamples/libDaisy/build/libdaisy.a(midi_parser.o)
                0x000000000800659c                daisy::MidiParser::Reset()
 .text._ZN5daisy6Switch4InitE12dsy_gpio_pinf
                0x00000000080065a8       0x34 ../../DaisyExamples/libDaisy/build/libdaisy.a(switch.o)
                0x00000000080065a8                daisy::Switch::Init(dsy_gpio_pin, float)
 .text._ZN5daisy6Switch8DebounceEv
                0x00000000080065dc       0x5c ../../DaisyExamples/libDaisy/build/libdaisy.a(switch.o)
                0x00000000080065dc                daisy::Switch::Debounce()
 .text._ZN5daisy16MidiUsbTransport4ImplD2Ev
                0x0000000008006638        0x4 ../../DaisyExamples/libDaisy/build/libdaisy.a(usb_midi.o)
                0x0000000008006638                daisy::MidiUsbTransport::Impl::~Impl()
                0x0000000008006638                daisy::MidiUsbTransport::Impl::~Impl()
 .text._ZN5daisy16MidiUsbTransport4Impl5ParseEv
                0x000000000800663c       0x68 ../../DaisyExamples/libDaisy/build/libdaisy.a(usb_midi.o)
                0x000000000800663c                daisy::MidiUsbTransport::Impl::Parse()
 .text._Z15ReceiveCallbackPhPm
                0x00000000080066a4       0x9c ../../DaisyExamples/libDaisy/build/libdaisy.a(usb_midi.o)
                0x00000000080066a4                ReceiveCallback(unsigned char*, unsigned long*)
 .text._ZN5daisy16MidiUsbTransport4InitENS0_6ConfigE
                0x0000000008006740       0x54 ../../DaisyExamples/libDaisy/build/libdaisy.a(usb_midi.o)
                0x0000000008006740                daisy::MidiUsbTransport::Init(daisy::MidiUsbTransport::Config)
 .text._ZN5daisy16MidiUsbTransport7StartRxEPFvPhjPvES2_
                0x0000000008006794       0x14 ../../DaisyExamples/libDaisy/build/libdaisy.a(usb_midi.o)
                0x0000000008006794                daisy::MidiUsbTransport::StartRx(void (*)(unsigned char*, unsigned int, void*), void*)
 .text._ZN5daisy16MidiUsbTransport8RxActiveEv
                0x00000000080067a8        0x8 ../../DaisyExamples/libDaisy/build/libdaisy.a(usb_midi.o)
                0x00000000080067a8                daisy::MidiUsbTransport::RxActive()
 .text._ZN5daisy16MidiUsbTransport7FlushRxEv
                0x00000000080067b0        0xc ../../DaisyExamples/libDaisy/build/libdaisy.a(usb_midi.o)
                0x00000000080067b0                daisy::MidiUsbTransport::FlushRx()
 .text.startup._GLOBAL__sub_I__Z15ReceiveCallbackPhPm
                0x00000000080067bc       0x60 ../../DaisyExamples/libDaisy/build/libdaisy.a(usb_midi.o)
 .text._ZN5daisy16AdcChannelConfig10InitSingleE12dsy_gpio_pinNS0_15ConversionSpeedE
                0x000000000800681c       0x28 ../../DaisyExamples/libDaisy/build/libdaisy.a(adc.o)
                0x000000000800681c                daisy::AdcChannelConfig::InitSingle(dsy_gpio_pin, daisy::AdcChannelConfig::ConversionSpeed)
 .text._ZN5daisy9AdcHandle4InitEPNS_16AdcChannelConfigEjNS0_12OverSamplingE
                0x0000000008006844      0x41c ../../DaisyExamples/libDaisy/build/libdaisy.a(adc.o)
                0x0000000008006844                daisy::AdcHandle::Init(daisy::AdcChannelConfig*, unsigned int, daisy::AdcHandle::OverSampling)
 .text._ZN5daisy9AdcHandle5StartEv
                0x0000000008006c60       0x2c ../../DaisyExamples/libDaisy/build/libdaisy.a(adc.o)
                0x0000000008006c60                daisy::AdcHandle::Start()
 .text._ZNK5daisy9AdcHandle6GetPtrEh
                0x0000000008006c8c       0x14 ../../DaisyExamples/libDaisy/build/libdaisy.a(adc.o)
                0x0000000008006c8c                daisy::AdcHandle::GetPtr(unsigned char) const
 .text.HAL_ADC_MspInit
                0x0000000008006ca0       0x98 ../../DaisyExamples/libDaisy/build/libdaisy.a(adc.o)
                0x0000000008006ca0                HAL_ADC_MspInit
 .text.DMA1_Stream2_IRQHandler
                0x0000000008006d38        0xc ../../DaisyExamples/libDaisy/build/libdaisy.a(adc.o)
                0x0000000008006d38                DMA1_Stream2_IRQHandler
 .text.HAL_ADC_ConvCpltCallback
                0x0000000008006d44      0x148 ../../DaisyExamples/libDaisy/build/libdaisy.a(adc.o)
                0x0000000008006d44                HAL_ADC_ConvCpltCallback
 .text.HAL_ADC_ErrorCallback
                0x0000000008006e8c        0x4 ../../DaisyExamples/libDaisy/build/libdaisy.a(adc.o)
                0x0000000008006e8c                HAL_ADC_ErrorCallback
 .text.HAL_DAC_MspInit
                0x0000000008006e90      0x15c ../../DaisyExamples/libDaisy/build/libdaisy.a(dac.o)
                0x0000000008006e90                HAL_DAC_MspInit
 .text.DMA2_Stream0_IRQHandler
                0x0000000008006fec        0xc ../../DaisyExamples/libDaisy/build/libdaisy.a(dac.o)
                0x0000000008006fec                DMA2_Stream0_IRQHandler
 .text.DMA2_Stream1_IRQHandler
                0x0000000008006ff8        0xc ../../DaisyExamples/libDaisy/build/libdaisy.a(dac.o)
                0x0000000008006ff8                DMA2_Stream1_IRQHandler
 .text.TIM6_DAC_IRQHandler
                0x0000000008007004       0x1c ../../DaisyExamples/libDaisy/build/libdaisy.a(dac.o)
                0x0000000008007004                TIM6_DAC_IRQHandler
 .text._ZN5daisy9DacHandle4InitERKNS0_6ConfigE
                0x0000000008007020       0xfc ../../DaisyExamples/libDaisy/build/libdaisy.a(dac.o)
                0x0000000008007020                daisy::DacHandle::Init(daisy::DacHandle::Config const&)
 .text._ZN5daisy9DacHandle10WriteValueENS0_7ChannelEt
                0x000000000800711c       0x70 ../../DaisyExamples/libDaisy/build/libdaisy.a(dac.o)
                0x000000000800711c                daisy::DacHandle::WriteValue(daisy::DacHandle::Channel, unsigned short)
 .text._ZN5daisy4GPIO4InitENS_3PinENS0_4ModeENS0_4PullENS0_5SpeedE
                0x000000000800718c      0x1cc ../../DaisyExamples/libDaisy/build/libdaisy.a(gpio.o)
                0x000000000800718c                daisy::GPIO::Init(daisy::Pin, daisy::GPIO::Mode, daisy::GPIO::Pull, daisy::GPIO::Speed)
 .text._ZN5daisy4GPIO4ReadEv
                0x0000000008007358       0x18 ../../DaisyExamples/libDaisy/build/libdaisy.a(gpio.o)
                0x0000000008007358                daisy::GPIO::Read()
 .text._ZN5daisy4GPIO5WriteEb
                0x0000000008007370       0x14 ../../DaisyExamples/libDaisy/build/libdaisy.a(gpio.o)
                0x0000000008007370                daisy::GPIO::Write(bool)
 .text.dsy_gpio_init
                0x0000000008007384      0x1b8 ../../DaisyExamples/libDaisy/build/libdaisy.a(gpio.o)
                0x0000000008007384                dsy_gpio_init
 .text.dsy_gpio_read
                0x000000000800753c       0x1c ../../DaisyExamples/libDaisy/build/libdaisy.a(gpio.o)
                0x000000000800753c                dsy_gpio_read
 .text.dsy_gpio_write
                0x0000000008007558       0x24 ../../DaisyExamples/libDaisy/build/libdaisy.a(gpio.o)
                0x0000000008007558                dsy_gpio_write
 .text._ZN5daisy9I2CHandle4Impl8InitPinsEv
                0x000000000800757c       0x58 ../../DaisyExamples/libDaisy/build/libdaisy.a(i2c.o)
                0x000000000800757c                daisy::I2CHandle::Impl::InitPins()
 .text.HAL_I2C_MspInit
                0x00000000080075d4      0x1b4 ../../DaisyExamples/libDaisy/build/libdaisy.a(i2c.o)
                0x00000000080075d4                HAL_I2C_MspInit
 .text.dsy_i2c_global_init
                0x0000000008007788       0x78 ../../DaisyExamples/libDaisy/build/libdaisy.a(i2c.o)
                0x0000000008007788                dsy_i2c_global_init
 .text.DMA1_Stream6_IRQHandler
                0x0000000008007800       0x34 ../../DaisyExamples/libDaisy/build/libdaisy.a(i2c.o)
                0x0000000008007800                DMA1_Stream6_IRQHandler
 .text.I2C1_EV_IRQHandler
                0x0000000008007834        0xc ../../DaisyExamples/libDaisy/build/libdaisy.a(i2c.o)
                0x0000000008007834                I2C1_EV_IRQHandler
 .text.I2C2_EV_IRQHandler
                0x0000000008007840        0xc ../../DaisyExamples/libDaisy/build/libdaisy.a(i2c.o)
                0x0000000008007840                I2C2_EV_IRQHandler
 .text.I2C3_EV_IRQHandler
                0x000000000800784c        0xc ../../DaisyExamples/libDaisy/build/libdaisy.a(i2c.o)
                0x000000000800784c                I2C3_EV_IRQHandler
 .text._ZN5daisy9I2CHandle4InitERKNS0_6ConfigE
                0x0000000008007858      0x12c ../../DaisyExamples/libDaisy/build/libdaisy.a(i2c.o)
                0x0000000008007858                daisy::I2CHandle::Init(daisy::I2CHandle::Config const&)
 .text._ZN5daisy9I2CHandle16TransmitBlockingEtPhtm
                0x0000000008007984       0x50 ../../DaisyExamples/libDaisy/build/libdaisy.a(i2c.o)
                0x0000000008007984                daisy::I2CHandle::TransmitBlocking(unsigned short, unsigned char*, unsigned short, unsigned long)
 .text.startup._GLOBAL__sub_I__ZN5daisy9I2CHandle4Impl10GlobalInitEv
                0x00000000080079d4       0x18 ../../DaisyExamples/libDaisy/build/libdaisy.a(i2c.o)
 .text._ZN5daisy10QSPIHandle4Impl11WriteEnableEv
                0x00000000080079ec       0x8c ../../DaisyExamples/libDaisy/build/libdaisy.a(qspi.o)
                0x00000000080079ec                daisy::QSPIHandle::Impl::WriteEnable()
 .text._ZN5daisy10QSPIHandle4Impl17DummyCyclesConfigENS0_6Config6DeviceE
                0x0000000008007a78      0x118 ../../DaisyExamples/libDaisy/build/libdaisy.a(qspi.o)
                0x0000000008007a78                daisy::QSPIHandle::Impl::DummyCyclesConfig(daisy::QSPIHandle::Config::Device)
 .text._ZN5daisy10QSPIHandle4Impl10QuadEnableEv
                0x0000000008007b90      0x158 ../../DaisyExamples/libDaisy/build/libdaisy.a(qspi.o)
                0x0000000008007b90                daisy::QSPIHandle::Impl::QuadEnable()
 .text._ZN5daisy10QSPIHandle4InitERKNS0_6ConfigE
                0x0000000008007ce8      0x198 ../../DaisyExamples/libDaisy/build/libdaisy.a(qspi.o)
                0x0000000008007ce8                daisy::QSPIHandle::Init(daisy::QSPIHandle::Config const&)
 .text.HAL_QSPI_MspInit
                0x0000000008007e80      0x11c ../../DaisyExamples/libDaisy/build/libdaisy.a(qspi.o)
                0x0000000008007e80                HAL_QSPI_MspInit
 .text.HAL_QSPI_MspDeInit
                0x0000000008007f9c       0x54 ../../DaisyExamples/libDaisy/build/libdaisy.a(qspi.o)
                0x0000000008007f9c                HAL_QSPI_MspDeInit
 .text.QUADSPI_IRQHandler
                0x0000000008007ff0        0xc ../../DaisyExamples/libDaisy/build/libdaisy.a(qspi.o)
                0x0000000008007ff0                QUADSPI_IRQHandler
 .text.startup._GLOBAL__sub_I__ZN5daisy10QSPIHandle4Impl4InitERKNS0_6ConfigE
                0x0000000008007ffc       0x28 ../../DaisyExamples/libDaisy/build/libdaisy.a(qspi.o)
 .text._ZN5daisy9SaiHandle4Impl7InitDmaENS1_15PeripheralBlockE
                0x0000000008008024       0xa0 ../../DaisyExamples/libDaisy/build/libdaisy.a(sai.o)
                0x0000000008008024                daisy::SaiHandle::Impl::InitDma(daisy::SaiHandle::Impl::PeripheralBlock)
 .text._ZN5daisy9SaiHandle4Impl8InitPinsEv
                0x00000000080080c4       0xa8 ../../DaisyExamples/libDaisy/build/libdaisy.a(sai.o)
                0x00000000080080c4                daisy::SaiHandle::Impl::InitPins()
 .text.HAL_SAI_MspInit
                0x000000000800816c      0x164 ../../DaisyExamples/libDaisy/build/libdaisy.a(sai.o)
                0x000000000800816c                HAL_SAI_MspInit
 .text.DMA1_Stream0_IRQHandler
                0x00000000080082d0        0xc ../../DaisyExamples/libDaisy/build/libdaisy.a(sai.o)
                0x00000000080082d0                DMA1_Stream0_IRQHandler
 .text.DMA1_Stream1_IRQHandler
                0x00000000080082dc        0xc ../../DaisyExamples/libDaisy/build/libdaisy.a(sai.o)
                0x00000000080082dc                DMA1_Stream1_IRQHandler
 .text.DMA1_Stream3_IRQHandler
                0x00000000080082e8        0xc ../../DaisyExamples/libDaisy/build/libdaisy.a(sai.o)
                0x00000000080082e8                DMA1_Stream3_IRQHandler
 .text.DMA1_Stream4_IRQHandler
                0x00000000080082f4        0xc ../../DaisyExamples/libDaisy/build/libdaisy.a(sai.o)
                0x00000000080082f4                DMA1_Stream4_IRQHandler
 .text.HAL_SAI_RxHalfCpltCallback
                0x0000000008008300       0x78 ../../DaisyExamples/libDaisy/build/libdaisy.a(sai.o)
                0x0000000008008300                HAL_SAI_RxHalfCpltCallback
 .text.HAL_SAI_RxCpltCallback
                0x0000000008008378       0x70 ../../DaisyExamples/libDaisy/build/libdaisy.a(sai.o)
                0x0000000008008378                HAL_SAI_RxCpltCallback
 .text._ZN5daisy9SaiHandle4InitERKNS0_6ConfigE
                0x00000000080083e8      0x1f0 ../../DaisyExamples/libDaisy/build/libdaisy.a(sai.o)
                0x00000000080083e8                daisy::SaiHandle::Init(daisy::SaiHandle::Config const&)
 .text._ZNK5daisy9SaiHandle9GetConfigEv
                0x00000000080085d8        0x4 ../../DaisyExamples/libDaisy/build/libdaisy.a(sai.o)
                0x00000000080085d8                daisy::SaiHandle::GetConfig() const
 .text._ZN5daisy9SaiHandle8StartDmaEPlS1_jPFvS1_S1_jE
                0x00000000080085dc       0xbc ../../DaisyExamples/libDaisy/build/libdaisy.a(sai.o)
                0x00000000080085dc                daisy::SaiHandle::StartDma(long*, long*, unsigned int, void (*)(long*, long*, unsigned int))
 .text._ZN5daisy9SaiHandle13GetSampleRateEv
                0x0000000008008698       0x24 ../../DaisyExamples/libDaisy/build/libdaisy.a(sai.o)
                0x0000000008008698                daisy::SaiHandle::GetSampleRate()
 .text._ZNK5daisy9SaiHandle9GetOffsetEv
                0x00000000080086bc        0x8 ../../DaisyExamples/libDaisy/build/libdaisy.a(sai.o)
                0x00000000080086bc                daisy::SaiHandle::GetOffset() const
 .text._ZN5daisy9SpiHandle4Impl7InitDmaEv
                0x00000000080086c4       0xec ../../DaisyExamples/libDaisy/build/libdaisy.a(spi.o)
                0x00000000080086c4                daisy::SpiHandle::Impl::InitDma()
 .text._ZN5daisy9SpiHandle4Impl10StartDmaTxEPhjPFvPvEPFvS3_NS0_6ResultEES3_
                0x00000000080087b0       0xc8 ../../DaisyExamples/libDaisy/build/libdaisy.a(spi.o)
                0x00000000080087b0                daisy::SpiHandle::Impl::StartDmaTx(unsigned char*, unsigned int, void (*)(void*), void (*)(void*, daisy::SpiHandle::Result), void*)
 .text._ZN5daisy9SpiHandle4Impl10StartDmaRxEPhjPFvPvEPFvS3_NS0_6ResultEES3_
                0x0000000008008878       0xc8 ../../DaisyExamples/libDaisy/build/libdaisy.a(spi.o)
                0x0000000008008878                daisy::SpiHandle::Impl::StartDmaRx(unsigned char*, unsigned int, void (*)(void*), void (*)(void*, daisy::SpiHandle::Result), void*)
 .text._ZN5daisy9SpiHandle4Impl12StartDmaRxTxEPhS2_jPFvPvEPFvS3_NS0_6ResultEES3_
                0x0000000008008940       0xcc ../../DaisyExamples/libDaisy/build/libdaisy.a(spi.o)
                0x0000000008008940                daisy::SpiHandle::Impl::StartDmaRxTx(unsigned char*, unsigned char*, unsigned int, void (*)(void*), void (*)(void*, daisy::SpiHandle::Result), void*)
 .text._ZN5daisy9SpiHandle4Impl8InitPinsEv
                0x0000000008008a0c      0x274 ../../DaisyExamples/libDaisy/build/libdaisy.a(spi.o)
                0x0000000008008a0c                daisy::SpiHandle::Impl::InitPins()
 .text.HAL_SPI_MspInit
                0x0000000008008c80      0x1a8 ../../DaisyExamples/libDaisy/build/libdaisy.a(spi.o)
                0x0000000008008c80                HAL_SPI_MspInit
 .text.dsy_spi_global_init
                0x0000000008008e28       0x80 ../../DaisyExamples/libDaisy/build/libdaisy.a(spi.o)
                0x0000000008008e28                dsy_spi_global_init
 .text.SPI1_IRQHandler
                0x0000000008008ea8        0xc ../../DaisyExamples/libDaisy/build/libdaisy.a(spi.o)
                0x0000000008008ea8                SPI1_IRQHandler
 .text.SPI2_IRQHandler
                0x0000000008008eb4        0xc ../../DaisyExamples/libDaisy/build/libdaisy.a(spi.o)
                0x0000000008008eb4                SPI2_IRQHandler
 .text.SPI3_IRQHandler
                0x0000000008008ec0        0xc ../../DaisyExamples/libDaisy/build/libdaisy.a(spi.o)
                0x0000000008008ec0                SPI3_IRQHandler
 .text.SPI4_IRQHandler
                0x0000000008008ecc        0xc ../../DaisyExamples/libDaisy/build/libdaisy.a(spi.o)
                0x0000000008008ecc                SPI4_IRQHandler
 .text.SPI5_IRQHandler
                0x0000000008008ed8        0xc ../../DaisyExamples/libDaisy/build/libdaisy.a(spi.o)
                0x0000000008008ed8                SPI5_IRQHandler
 .text.DMA2_Stream2_IRQHandler
                0x0000000008008ee4       0x34 ../../DaisyExamples/libDaisy/build/libdaisy.a(spi.o)
                0x0000000008008ee4                DMA2_Stream2_IRQHandler
 .text.DMA2_Stream3_IRQHandler
                0x0000000008008f18       0x38 ../../DaisyExamples/libDaisy/build/libdaisy.a(spi.o)
                0x0000000008008f18                DMA2_Stream3_IRQHandler
 .text.HAL_SPI_TxCpltCallback
                0x0000000008008f50       0xc4 ../../DaisyExamples/libDaisy/build/libdaisy.a(spi.o)
                0x0000000008008f50                HAL_SPI_TxCpltCallback
 .text.HAL_SPI_RxCpltCallback
                0x0000000008009014       0xc4 ../../DaisyExamples/libDaisy/build/libdaisy.a(spi.o)
                0x0000000008009014                HAL_SPI_RxCpltCallback
 .text.HAL_SPI_TxRxCpltCallback
                0x00000000080090d8       0xc4 ../../DaisyExamples/libDaisy/build/libdaisy.a(spi.o)
                0x00000000080090d8                HAL_SPI_TxRxCpltCallback
 .text.HAL_SPI_ErrorCallback
                0x000000000800919c       0xc8 ../../DaisyExamples/libDaisy/build/libdaisy.a(spi.o)
                0x000000000800919c                HAL_SPI_ErrorCallback
 .text._ZN5daisy9SpiHandle4InitERKNS0_6ConfigE
                0x0000000008009264      0x110 ../../DaisyExamples/libDaisy/build/libdaisy.a(spi.o)
                0x0000000008009264                daisy::SpiHandle::Init(daisy::SpiHandle::Config const&)
 .text._ZN5daisy9SpiHandle16BlockingTransmitEPhjm
                0x0000000008009374       0x14 ../../DaisyExamples/libDaisy/build/libdaisy.a(spi.o)
                0x0000000008009374                daisy::SpiHandle::BlockingTransmit(unsigned char*, unsigned int, unsigned long)
 .text.startup._GLOBAL__sub_I__Z19MapInstanceToHandleP11SPI_TypeDef
                0x0000000008009388      0x1b0 ../../DaisyExamples/libDaisy/build/libdaisy.a(spi.o)
 .text._ZL20UART_CheckRxListenerPN5daisy11UartHandler4ImplE
                0x0000000008009538       0x84 ../../DaisyExamples/libDaisy/build/libdaisy.a(uart.o)
 .text._ZN5daisy11UartHandler4Impl10StartDmaTxEPhjPFvPvEPFvS3_NS0_6ResultEES3_
                0x00000000080095bc      0x184 ../../DaisyExamples/libDaisy/build/libdaisy.a(uart.o)
                0x00000000080095bc                daisy::UartHandler::Impl::StartDmaTx(unsigned char*, unsigned int, void (*)(void*), void (*)(void*, daisy::UartHandler::Result), void*)
 .text._ZN5daisy11UartHandler4Impl10StartDmaRxEPhjPFvPvEPFvS3_NS0_6ResultEES3_
                0x0000000008009740      0x184 ../../DaisyExamples/libDaisy/build/libdaisy.a(uart.o)
                0x0000000008009740                daisy::UartHandler::Impl::StartDmaRx(unsigned char*, unsigned int, void (*)(void*), void (*)(void*, daisy::UartHandler::Result), void*)
 .text._ZN5daisy11UartHandler4Impl19DmaTransferFinishedEP20__UART_HandleTypeDefNS0_6ResultE
                0x00000000080098c4       0xc0 ../../DaisyExamples/libDaisy/build/libdaisy.a(uart.o)
                0x00000000080098c4                daisy::UartHandler::Impl::DmaTransferFinished(__UART_HandleTypeDef*, daisy::UartHandler::Result)
 .text._ZN5daisy11UartHandler4Impl8InitPinsEv
                0x0000000008009984      0x154 ../../DaisyExamples/libDaisy/build/libdaisy.a(uart.o)
                0x0000000008009984                daisy::UartHandler::Impl::InitPins()
 .text.HAL_UART_MspInit
                0x0000000008009ad8      0x210 ../../DaisyExamples/libDaisy/build/libdaisy.a(uart.o)
                0x0000000008009ad8                HAL_UART_MspInit
 .text.dsy_uart_global_init
                0x0000000008009ce8       0xfc ../../DaisyExamples/libDaisy/build/libdaisy.a(uart.o)
                0x0000000008009ce8                dsy_uart_global_init
 .text.USART1_IRQHandler
                0x0000000008009de4       0x2c ../../DaisyExamples/libDaisy/build/libdaisy.a(uart.o)
                0x0000000008009de4                USART1_IRQHandler
 .text.USART2_IRQHandler
                0x0000000008009e10       0x34 ../../DaisyExamples/libDaisy/build/libdaisy.a(uart.o)
                0x0000000008009e10                USART2_IRQHandler
 .text.USART3_IRQHandler
                0x0000000008009e44       0x34 ../../DaisyExamples/libDaisy/build/libdaisy.a(uart.o)
                0x0000000008009e44                USART3_IRQHandler
 .text.UART4_IRQHandler
                0x0000000008009e78       0x34 ../../DaisyExamples/libDaisy/build/libdaisy.a(uart.o)
                0x0000000008009e78                UART4_IRQHandler
 .text.UART5_IRQHandler
                0x0000000008009eac       0x34 ../../DaisyExamples/libDaisy/build/libdaisy.a(uart.o)
                0x0000000008009eac                UART5_IRQHandler
 .text.USART6_IRQHandler
                0x0000000008009ee0       0x34 ../../DaisyExamples/libDaisy/build/libdaisy.a(uart.o)
                0x0000000008009ee0                USART6_IRQHandler
 .text.UART7_IRQHandler
                0x0000000008009f14       0x34 ../../DaisyExamples/libDaisy/build/libdaisy.a(uart.o)
                0x0000000008009f14                UART7_IRQHandler
 .text.UART8_IRQHandler
                0x0000000008009f48       0x34 ../../DaisyExamples/libDaisy/build/libdaisy.a(uart.o)
                0x0000000008009f48                UART8_IRQHandler
 .text.LPUART1_IRQHandler
                0x0000000008009f7c       0x34 ../../DaisyExamples/libDaisy/build/libdaisy.a(uart.o)
                0x0000000008009f7c                LPUART1_IRQHandler
 .text.DMA1_Stream5_IRQHandler
                0x0000000008009fb0       0x34 ../../DaisyExamples/libDaisy/build/libdaisy.a(uart.o)
                0x0000000008009fb0                DMA1_Stream5_IRQHandler
 .text.DMA2_Stream4_IRQHandler
                0x0000000008009fe4       0x38 ../../DaisyExamples/libDaisy/build/libdaisy.a(uart.o)
                0x0000000008009fe4                DMA2_Stream4_IRQHandler
 .text.HAL_UART_TxCpltCallback
                0x000000000800a01c        0x8 ../../DaisyExamples/libDaisy/build/libdaisy.a(uart.o)
                0x000000000800a01c                HAL_UART_TxCpltCallback
 .text.HAL_UART_RxCpltCallback
                0x000000000800a024       0x94 ../../DaisyExamples/libDaisy/build/libdaisy.a(uart.o)
                0x000000000800a024                HAL_UART_RxCpltCallback
 .text.HAL_UART_RxHalfCpltCallback
                0x000000000800a0b8       0x90 ../../DaisyExamples/libDaisy/build/libdaisy.a(uart.o)
                0x000000000800a0b8                HAL_UART_RxHalfCpltCallback
 .text.HAL_UART_ErrorCallback
                0x000000000800a148        0x8 ../../DaisyExamples/libDaisy/build/libdaisy.a(uart.o)
                0x000000000800a148                HAL_UART_ErrorCallback
 .text._ZN5daisy11UartHandler4InitERKNS0_6ConfigE
                0x000000000800a150       0xd4 ../../DaisyExamples/libDaisy/build/libdaisy.a(uart.o)
                0x000000000800a150                daisy::UartHandler::Init(daisy::UartHandler::Config const&)
 .text._ZN5daisy11UartHandler14DmaListenStartEPhjPFvS1_jPvNS0_6ResultEES2_
                0x000000000800a224      0x114 ../../DaisyExamples/libDaisy/build/libdaisy.a(uart.o)
                0x000000000800a224                daisy::UartHandler::DmaListenStart(unsigned char*, unsigned int, void (*)(unsigned char*, unsigned int, void*, daisy::UartHandler::Result), void*)
 .text._ZNK5daisy11UartHandler11IsListeningEv
                0x000000000800a338        0x8 ../../DaisyExamples/libDaisy/build/libdaisy.a(uart.o)
                0x000000000800a338                daisy::UartHandler::IsListening() const
 .text._ZN5daisy11UartHandler6PollTxEPhj
                0x000000000800a340       0x18 ../../DaisyExamples/libDaisy/build/libdaisy.a(uart.o)
                0x000000000800a340                daisy::UartHandler::PollTx(unsigned char*, unsigned int)
 .text.startup._GLOBAL__sub_I__Z19MapInstanceToHandleP13USART_TypeDef
                0x000000000800a358      0x194 ../../DaisyExamples/libDaisy/build/libdaisy.a(uart.o)
 .text.dsy_dma_init
                0x000000000800a4ec      0x100 ../../DaisyExamples/libDaisy/build/libdaisy.a(dma.o)
                0x000000000800a4ec                dsy_dma_init
 .text.dsy_dma_clear_cache_for_buffer
                0x000000000800a5ec       0x2c ../../DaisyExamples/libDaisy/build/libdaisy.a(dma.o)
                0x000000000800a5ec                dsy_dma_clear_cache_for_buffer
 .text.dsy_dma_invalidate_cache_for_buffer
                0x000000000800a618       0x2c ../../DaisyExamples/libDaisy/build/libdaisy.a(dma.o)
                0x000000000800a618                dsy_dma_invalidate_cache_for_buffer
 .text._ZN5daisy11TimerHandleD2Ev
                0x000000000800a644        0x4 ../../DaisyExamples/libDaisy/build/libdaisy.a(system.o)
                0x000000000800a644                daisy::TimerHandle::~TimerHandle()
                0x000000000800a644                daisy::TimerHandle::~TimerHandle()
 .text.SysTick_Handler
                0x000000000800a648       0x10 ../../DaisyExamples/libDaisy/build/libdaisy.a(system.o)
                0x000000000800a648                SysTick_Handler
 .text.OTG_HS_EP1_OUT_IRQHandler
                0x000000000800a658       0x24 ../../DaisyExamples/libDaisy/build/libdaisy.a(system.o)
                0x000000000800a658                OTG_HS_EP1_OUT_IRQHandler
 .text.OTG_HS_EP1_IN_IRQHandler
                0x000000000800a67c       0x24 ../../DaisyExamples/libDaisy/build/libdaisy.a(system.o)
                0x000000000800a67c                OTG_HS_EP1_IN_IRQHandler
 .text.OTG_HS_IRQHandler
                0x000000000800a6a0       0x24 ../../DaisyExamples/libDaisy/build/libdaisy.a(system.o)
                0x000000000800a6a0                OTG_HS_IRQHandler
 .text.HardFault_Handler
                0x000000000800a6c4       0xe0 ../../DaisyExamples/libDaisy/build/libdaisy.a(system.o)
                0x000000000800a6c4                HardFault_Handler
 .text._ZN5daisy6System6GetNowEv
                0x000000000800a7a4        0x4 ../../DaisyExamples/libDaisy/build/libdaisy.a(system.o)
                0x000000000800a7a4                daisy::System::GetNow()
 .text._ZN5daisy6System7GetTickEv
                0x000000000800a7a8        0xc ../../DaisyExamples/libDaisy/build/libdaisy.a(system.o)
                0x000000000800a7a8                daisy::System::GetTick()
 .text._ZN5daisy6System5DelayEm
                0x000000000800a7b4        0x4 ../../DaisyExamples/libDaisy/build/libdaisy.a(system.o)
                0x000000000800a7b4                daisy::System::Delay(unsigned long)
 .text._ZN5daisy6System20GetBootloaderVersionEv
                0x000000000800a7b8       0x34 ../../DaisyExamples/libDaisy/build/libdaisy.a(system.o)
                0x000000000800a7b8                daisy::System::GetBootloaderVersion()
 .text._ZN5daisy6System15ConfigureClocksEv
                0x000000000800a7ec      0x194 ../../DaisyExamples/libDaisy/build/libdaisy.a(system.o)
                0x000000000800a7ec                daisy::System::ConfigureClocks()
 .text._ZN5daisy6System12ConfigureMpuEv
                0x000000000800a980       0x7c ../../DaisyExamples/libDaisy/build/libdaisy.a(system.o)
                0x000000000800a980                daisy::System::ConfigureMpu()
 .text._ZN5daisy6System4InitERKNS0_6ConfigE
                0x000000000800a9fc       0xec ../../DaisyExamples/libDaisy/build/libdaisy.a(system.o)
                0x000000000800a9fc                daisy::System::Init(daisy::System::Config const&)
 .text._ZN5daisy6System12GetPClk1FreqEv
                0x000000000800aae8        0x4 ../../DaisyExamples/libDaisy/build/libdaisy.a(system.o)
                0x000000000800aae8                daisy::System::GetPClk1Freq()
 .text._ZN5daisy6System11GetTickFreqEv
                0x000000000800aaec        0xc ../../DaisyExamples/libDaisy/build/libdaisy.a(system.o)
                0x000000000800aaec                daisy::System::GetTickFreq()
 .text._ZN5daisy6System12GetPClk2FreqEv
                0x000000000800aaf8        0x4 ../../DaisyExamples/libDaisy/build/libdaisy.a(system.o)
                0x000000000800aaf8                daisy::System::GetPClk2Freq()
 .text._ZN5daisy6System22GetProgramMemoryRegionEv
                0x000000000800aafc       0x78 ../../DaisyExamples/libDaisy/build/libdaisy.a(system.o)
                0x000000000800aafc                daisy::System::GetProgramMemoryRegion()
 .text.startup._GLOBAL__sub_I__ZN5daisy9boot_infoE
                0x000000000800ab74       0x1c ../../DaisyExamples/libDaisy/build/libdaisy.a(system.o)
 .text.SystemInit
                0x000000000800ab90       0x9c ../../DaisyExamples/libDaisy/build/libdaisy.a(system_stm32h7xx.o)
                0x000000000800ab90                SystemInit
 .text.HAL_PCD_MspInit
                0x000000000800ac2c      0x144 ../../DaisyExamples/libDaisy/build/libdaisy.a(usbd_conf.o)
                0x000000000800ac2c                HAL_PCD_MspInit
 .text.HAL_PCD_SetupStageCallback
                0x000000000800ad70        0xc ../../DaisyExamples/libDaisy/build/libdaisy.a(usbd_conf.o)
                0x000000000800ad70                HAL_PCD_SetupStageCallback
 .text.HAL_PCD_DataOutStageCallback
                0x000000000800ad7c       0x14 ../../DaisyExamples/libDaisy/build/libdaisy.a(usbd_conf.o)
                0x000000000800ad7c                HAL_PCD_DataOutStageCallback
 .text.HAL_PCD_DataInStageCallback
                0x000000000800ad90       0x14 ../../DaisyExamples/libDaisy/build/libdaisy.a(usbd_conf.o)
                0x000000000800ad90                HAL_PCD_DataInStageCallback
 .text.HAL_PCD_SOFCallback
                0x000000000800ada4        0x8 ../../DaisyExamples/libDaisy/build/libdaisy.a(usbd_conf.o)
                0x000000000800ada4                HAL_PCD_SOFCallback
 .text.HAL_PCD_ResetCallback
                0x000000000800adac       0x24 ../../DaisyExamples/libDaisy/build/libdaisy.a(usbd_conf.o)
                0x000000000800adac                HAL_PCD_ResetCallback
 .text.HAL_PCD_SuspendCallback
                0x000000000800add0       0x30 ../../DaisyExamples/libDaisy/build/libdaisy.a(usbd_conf.o)
                0x000000000800add0                HAL_PCD_SuspendCallback
 .text.HAL_PCD_ResumeCallback
                0x000000000800ae00        0x8 ../../DaisyExamples/libDaisy/build/libdaisy.a(usbd_conf.o)
                0x000000000800ae00                HAL_PCD_ResumeCallback
 .text.HAL_PCD_ISOOUTIncompleteCallback
                0x000000000800ae08        0x8 ../../DaisyExamples/libDaisy/build/libdaisy.a(usbd_conf.o)
                0x000000000800ae08                HAL_PCD_ISOOUTIncompleteCallback
 .text.HAL_PCD_ISOINIncompleteCallback
                0x000000000800ae10        0x8 ../../DaisyExamples/libDaisy/build/libdaisy.a(usbd_conf.o)
                0x000000000800ae10                HAL_PCD_ISOINIncompleteCallback
 .text.HAL_PCD_ConnectCallback
                0x000000000800ae18        0x8 ../../DaisyExamples/libDaisy/build/libdaisy.a(usbd_conf.o)
                0x000000000800ae18                HAL_PCD_ConnectCallback
 .text.HAL_PCD_DisconnectCallback
                0x000000000800ae20        0x8 ../../DaisyExamples/libDaisy/build/libdaisy.a(usbd_conf.o)
                0x000000000800ae20                HAL_PCD_DisconnectCallback
 .text.USBD_LL_Init
                0x000000000800ae28       0xe4 ../../DaisyExamples/libDaisy/build/libdaisy.a(usbd_conf.o)
                0x000000000800ae28                USBD_LL_Init
 .text.USBD_LL_Start
                0x000000000800af0c       0x1c ../../DaisyExamples/libDaisy/build/libdaisy.a(usbd_conf.o)
                0x000000000800af0c                USBD_LL_Start
 .text.USBD_LL_OpenEP
                0x000000000800af28       0x24 ../../DaisyExamples/libDaisy/build/libdaisy.a(usbd_conf.o)
                0x000000000800af28                USBD_LL_OpenEP
 .text.USBD_LL_CloseEP
                0x000000000800af4c       0x1c ../../DaisyExamples/libDaisy/build/libdaisy.a(usbd_conf.o)
                0x000000000800af4c                USBD_LL_CloseEP
 .text.USBD_LL_StallEP
                0x000000000800af68       0x1c ../../DaisyExamples/libDaisy/build/libdaisy.a(usbd_conf.o)
                0x000000000800af68                USBD_LL_StallEP
 .text.USBD_LL_ClearStallEP
                0x000000000800af84       0x1c ../../DaisyExamples/libDaisy/build/libdaisy.a(usbd_conf.o)
                0x000000000800af84                USBD_LL_ClearStallEP
 .text.USBD_LL_IsStallEP
                0x000000000800afa0       0x28 ../../DaisyExamples/libDaisy/build/libdaisy.a(usbd_conf.o)
                0x000000000800afa0                USBD_LL_IsStallEP
 .text.USBD_LL_SetUSBAddress
                0x000000000800afc8       0x1c ../../DaisyExamples/libDaisy/build/libdaisy.a(usbd_conf.o)
                0x000000000800afc8                USBD_LL_SetUSBAddress
 .text.USBD_LL_Transmit
                0x000000000800afe4       0x1c ../../DaisyExamples/libDaisy/build/libdaisy.a(usbd_conf.o)
                0x000000000800afe4                USBD_LL_Transmit
 .text.USBD_LL_PrepareReceive
                0x000000000800b000       0x1c ../../DaisyExamples/libDaisy/build/libdaisy.a(usbd_conf.o)
                0x000000000800b000                USBD_LL_PrepareReceive
 .text.USBD_LL_GetRxDataSize
                0x000000000800b01c        0x8 ../../DaisyExamples/libDaisy/build/libdaisy.a(usbd_conf.o)
                0x000000000800b01c                USBD_LL_GetRxDataSize
 .text.HAL_HCD_SOF_Callback
                0x000000000800b024        0x8 ../../DaisyExamples/libDaisy/build/libdaisy.a(usbh_conf.o)
                0x000000000800b024                HAL_HCD_SOF_Callback
 .text.HAL_HCD_Connect_Callback
                0x000000000800b02c        0x8 ../../DaisyExamples/libDaisy/build/libdaisy.a(usbh_conf.o)
                0x000000000800b02c                HAL_HCD_Connect_Callback
 .text.HAL_HCD_Disconnect_Callback
                0x000000000800b034        0x8 ../../DaisyExamples/libDaisy/build/libdaisy.a(usbh_conf.o)
                0x000000000800b034                HAL_HCD_Disconnect_Callback
 .text.HAL_HCD_HC_NotifyURBChange_Callback
                0x000000000800b03c        0x4 ../../DaisyExamples/libDaisy/build/libdaisy.a(usbh_conf.o)
                0x000000000800b03c                HAL_HCD_HC_NotifyURBChange_Callback
 .text.HAL_HCD_PortEnabled_Callback
                0x000000000800b040        0x8 ../../DaisyExamples/libDaisy/build/libdaisy.a(usbh_conf.o)
                0x000000000800b040                HAL_HCD_PortEnabled_Callback
 .text.HAL_HCD_PortDisabled_Callback
                0x000000000800b048        0x8 ../../DaisyExamples/libDaisy/build/libdaisy.a(usbh_conf.o)
                0x000000000800b048                HAL_HCD_PortDisabled_Callback
 .text.USBH_LL_Stop
                0x000000000800b050       0x1c ../../DaisyExamples/libDaisy/build/libdaisy.a(usbh_conf.o)
                0x000000000800b050                USBH_LL_Stop
 .text.dsy_hal_map_get_port
                0x000000000800b06c       0x10 ../../DaisyExamples/libDaisy/build/libdaisy.a(hal_map.o)
                0x000000000800b06c                dsy_hal_map_get_port
 .text.dsy_hal_map_get_pin
                0x000000000800b07c       0x10 ../../DaisyExamples/libDaisy/build/libdaisy.a(hal_map.o)
                0x000000000800b07c                dsy_hal_map_get_pin
 .text.dsy_hal_map_gpio_clk_enable
                0x000000000800b08c      0x150 ../../DaisyExamples/libDaisy/build/libdaisy.a(hal_map.o)
                0x000000000800b08c                dsy_hal_map_gpio_clk_enable
 .text.HAL_MspInit
                0x000000000800b1dc        0x4 ../../DaisyExamples/libDaisy/build/libdaisy.a(stm32h7xx_hal.o)
                0x000000000800b1dc                HAL_MspInit
 .text.HAL_InitTick
                0x000000000800b1e0       0x4c ../../DaisyExamples/libDaisy/build/libdaisy.a(stm32h7xx_hal.o)
                0x000000000800b1e0                HAL_InitTick
 .text.HAL_Init
                0x000000000800b22c       0x60 ../../DaisyExamples/libDaisy/build/libdaisy.a(stm32h7xx_hal.o)
                0x000000000800b22c                HAL_Init
 .text.HAL_IncTick
                0x000000000800b28c       0x18 ../../DaisyExamples/libDaisy/build/libdaisy.a(stm32h7xx_hal.o)
                0x000000000800b28c                HAL_IncTick
 .text.HAL_GetTick
                0x000000000800b2a4        0xc ../../DaisyExamples/libDaisy/build/libdaisy.a(stm32h7xx_hal.o)
                0x000000000800b2a4                HAL_GetTick
 .text.HAL_Delay
                0x000000000800b2b0       0x24 ../../DaisyExamples/libDaisy/build/libdaisy.a(stm32h7xx_hal.o)
                0x000000000800b2b0                HAL_Delay
 .text.HAL_GetREVID
                0x000000000800b2d4        0xc ../../DaisyExamples/libDaisy/build/libdaisy.a(stm32h7xx_hal.o)
                0x000000000800b2d4                HAL_GetREVID
 .text.HAL_ADC_ConvHalfCpltCallback
                0x000000000800b2e0        0x4 ../../DaisyExamples/libDaisy/build/libdaisy.a(stm32h7xx_hal_adc.o)
                0x000000000800b2e0                HAL_ADC_ConvHalfCpltCallback
 .text.ADC_DMAHalfConvCplt
                0x000000000800b2e4        0xc ../../DaisyExamples/libDaisy/build/libdaisy.a(stm32h7xx_hal_adc.o)
                0x000000000800b2e4                ADC_DMAHalfConvCplt
 .text.ADC_DMAConvCplt
                0x000000000800b2f0       0x6c ../../DaisyExamples/libDaisy/build/libdaisy.a(stm32h7xx_hal_adc.o)
                0x000000000800b2f0                ADC_DMAConvCplt
 .text.ADC_DMAError
                0x000000000800b35c       0x1c ../../DaisyExamples/libDaisy/build/libdaisy.a(stm32h7xx_hal_adc.o)
                0x000000000800b35c                ADC_DMAError
 .text.HAL_ADC_ConfigChannel
                0x000000000800b378      0x3fc ../../DaisyExamples/libDaisy/build/libdaisy.a(stm32h7xx_hal_adc.o)
                0x000000000800b378                HAL_ADC_ConfigChannel
 .text.ADC_Enable
                0x000000000800b774       0xac ../../DaisyExamples/libDaisy/build/libdaisy.a(stm32h7xx_hal_adc.o)
                0x000000000800b774                ADC_Enable
 .text.HAL_ADC_Start_DMA
                0x000000000800b820      0x114 ../../DaisyExamples/libDaisy/build/libdaisy.a(stm32h7xx_hal_adc.o)
                0x000000000800b820                HAL_ADC_Start_DMA
 .text.ADC_Disable
                0x000000000800b934       0x68 ../../DaisyExamples/libDaisy/build/libdaisy.a(stm32h7xx_hal_adc.o)
                0x000000000800b934                ADC_Disable
 .text.ADC_ConfigureBoostMode
                0x000000000800b99c      0x184 ../../DaisyExamples/libDaisy/build/libdaisy.a(stm32h7xx_hal_adc.o)
                0x000000000800b99c                ADC_ConfigureBoostMode
 .text.HAL_ADC_Init
                0x000000000800bb20      0x218 ../../DaisyExamples/libDaisy/build/libdaisy.a(stm32h7xx_hal_adc.o)
                0x000000000800bb20                HAL_ADC_Init
 .text.HAL_ADCEx_Calibration_Start
                0x000000000800bd38       0xa4 ../../DaisyExamples/libDaisy/build/libdaisy.a(stm32h7xx_hal_adc_ex.o)
                0x000000000800bd38                HAL_ADCEx_Calibration_Start
 .text.HAL_ADCEx_MultiModeConfigChannel
                0x000000000800bddc       0xc4 ../../DaisyExamples/libDaisy/build/libdaisy.a(stm32h7xx_hal_adc_ex.o)
                0x000000000800bddc                HAL_ADCEx_MultiModeConfigChannel
 .text.HAL_NVIC_SetPriorityGrouping
                0x000000000800bea0       0x24 ../../DaisyExamples/libDaisy/build/libdaisy.a(stm32h7xx_hal_cortex.o)
                0x000000000800bea0                HAL_NVIC_SetPriorityGrouping
 .text.HAL_NVIC_SetPriority
                0x000000000800bec4       0x7c ../../DaisyExamples/libDaisy/build/libdaisy.a(stm32h7xx_hal_cortex.o)
                0x000000000800bec4                HAL_NVIC_SetPriority
 .text.HAL_NVIC_EnableIRQ
                0x000000000800bf40       0x1c ../../DaisyExamples/libDaisy/build/libdaisy.a(stm32h7xx_hal_cortex.o)
                0x000000000800bf40                HAL_NVIC_EnableIRQ
 .text.HAL_NVIC_DisableIRQ
                0x000000000800bf5c       0x28 ../../DaisyExamples/libDaisy/build/libdaisy.a(stm32h7xx_hal_cortex.o)
                0x000000000800bf5c                HAL_NVIC_DisableIRQ
 .text.HAL_SYSTICK_Config
                0x000000000800bf84       0x2c ../../DaisyExamples/libDaisy/build/libdaisy.a(stm32h7xx_hal_cortex.o)
                0x000000000800bf84                HAL_SYSTICK_Config
 .text.HAL_MPU_Disable
                0x000000000800bfb0       0x1c ../../DaisyExamples/libDaisy/build/libdaisy.a(stm32h7xx_hal_cortex.o)
                0x000000000800bfb0                HAL_MPU_Disable
 .text.HAL_MPU_Enable
                0x000000000800bfcc       0x20 ../../DaisyExamples/libDaisy/build/libdaisy.a(stm32h7xx_hal_cortex.o)
                0x000000000800bfcc                HAL_MPU_Enable
 .text.HAL_MPU_ConfigRegion
                0x000000000800bfec       0x64 ../../DaisyExamples/libDaisy/build/libdaisy.a(stm32h7xx_hal_cortex.o)
                0x000000000800bfec                HAL_MPU_ConfigRegion
 .text.HAL_SYSTICK_Callback
                0x000000000800c050        0x4 ../../DaisyExamples/libDaisy/build/libdaisy.a(stm32h7xx_hal_cortex.o)
                0x000000000800c050                HAL_SYSTICK_Callback
 .text.HAL_SYSTICK_IRQHandler
                0x000000000800c054        0x8 ../../DaisyExamples/libDaisy/build/libdaisy.a(stm32h7xx_hal_cortex.o)
                0x000000000800c054                HAL_SYSTICK_IRQHandler
 .text.HAL_DAC_Init
                0x000000000800c05c       0x2c ../../DaisyExamples/libDaisy/build/libdaisy.a(stm32h7xx_hal_dac.o)
                0x000000000800c05c                HAL_DAC_Init
 .text.HAL_DAC_Start
                0x000000000800c088       0x5c ../../DaisyExamples/libDaisy/build/libdaisy.a(stm32h7xx_hal_dac.o)
                0x000000000800c088                HAL_DAC_Start
 .text.HAL_DAC_SetValue
                0x000000000800c0e4       0x30 ../../DaisyExamples/libDaisy/build/libdaisy.a(stm32h7xx_hal_dac.o)
                0x000000000800c0e4                HAL_DAC_SetValue
 .text.HAL_DAC_DMAUnderrunCallbackCh1
                0x000000000800c114        0x4 ../../DaisyExamples/libDaisy/build/libdaisy.a(stm32h7xx_hal_dac.o)
                0x000000000800c114                HAL_DAC_DMAUnderrunCallbackCh1
 .text.HAL_DAC_IRQHandler
                0x000000000800c118       0x68 ../../DaisyExamples/libDaisy/build/libdaisy.a(stm32h7xx_hal_dac.o)
                0x000000000800c118                HAL_DAC_IRQHandler
 .text.HAL_DAC_ConfigChannel
                0x000000000800c180      0x130 ../../DaisyExamples/libDaisy/build/libdaisy.a(stm32h7xx_hal_dac.o)
                0x000000000800c180                HAL_DAC_ConfigChannel
 .text.HAL_DACEx_DMAUnderrunCallbackCh2
                0x000000000800c2b0        0x4 ../../DaisyExamples/libDaisy/build/libdaisy.a(stm32h7xx_hal_dac_ex.o)
                0x000000000800c2b0                HAL_DACEx_DMAUnderrunCallbackCh2
 .text.DMA_CalcBaseAndBitshift
                0x000000000800c2b4       0xf4 ../../DaisyExamples/libDaisy/build/libdaisy.a(stm32h7xx_hal_dma.o)
 .text.DMA_CalcDMAMUXChannelBaseAndMask
                0x000000000800c3a8       0xd8 ../../DaisyExamples/libDaisy/build/libdaisy.a(stm32h7xx_hal_dma.o)
 .text.HAL_DMA_Init
                0x000000000800c480      0x37c ../../DaisyExamples/libDaisy/build/libdaisy.a(stm32h7xx_hal_dma.o)
                0x000000000800c480                HAL_DMA_Init
 .text.HAL_DMA_Start_IT
                0x000000000800c7fc      0x240 ../../DaisyExamples/libDaisy/build/libdaisy.a(stm32h7xx_hal_dma.o)
                0x000000000800c7fc                HAL_DMA_Start_IT
 .text.HAL_DMA_Abort_IT
                0x000000000800ca3c      0x134 ../../DaisyExamples/libDaisy/build/libdaisy.a(stm32h7xx_hal_dma.o)
                0x000000000800ca3c                HAL_DMA_Abort_IT
 .text.HAL_DMA_IRQHandler
                0x000000000800cb70      0x6a0 ../../DaisyExamples/libDaisy/build/libdaisy.a(stm32h7xx_hal_dma.o)
                0x000000000800cb70                HAL_DMA_IRQHandler
 .text.HAL_DMA_GetError
                0x000000000800d210        0x4 ../../DaisyExamples/libDaisy/build/libdaisy.a(stm32h7xx_hal_dma.o)
                0x000000000800d210                HAL_DMA_GetError
 .text.HAL_GPIO_Init
                0x000000000800d214      0x280 ../../DaisyExamples/libDaisy/build/libdaisy.a(stm32h7xx_hal_gpio.o)
                0x000000000800d214                HAL_GPIO_Init
 .text.HAL_GPIO_DeInit
                0x000000000800d494      0x190 ../../DaisyExamples/libDaisy/build/libdaisy.a(stm32h7xx_hal_gpio.o)
                0x000000000800d494                HAL_GPIO_DeInit
 .text.HAL_GPIO_ReadPin
                0x000000000800d624        0xc ../../DaisyExamples/libDaisy/build/libdaisy.a(stm32h7xx_hal_gpio.o)
                0x000000000800d624                HAL_GPIO_ReadPin
 .text.HAL_GPIO_WritePin
                0x000000000800d630        0x8 ../../DaisyExamples/libDaisy/build/libdaisy.a(stm32h7xx_hal_gpio.o)
                0x000000000800d630                HAL_GPIO_WritePin
 .text.HAL_HCD_IRQHandler
                0x000000000800d638      0x780 ../../DaisyExamples/libDaisy/build/libdaisy.a(stm32h7xx_hal_hcd.o)
                0x000000000800d638                HAL_HCD_IRQHandler
 .text.HAL_HCD_Stop
                0x000000000800ddb8       0x28 ../../DaisyExamples/libDaisy/build/libdaisy.a(stm32h7xx_hal_hcd.o)
                0x000000000800ddb8                HAL_HCD_Stop
 .text.I2C_WaitOnTXISFlagUntilTimeout
                0x000000000800dde0       0xb8 ../../DaisyExamples/libDaisy/build/libdaisy.a(stm32h7xx_hal_i2c.o)
 .text.I2C_WaitOnSTOPFlagUntilTimeout
                0x000000000800de98       0xac ../../DaisyExamples/libDaisy/build/libdaisy.a(stm32h7xx_hal_i2c.o)
 .text.HAL_I2C_Init
                0x000000000800df44       0xac ../../DaisyExamples/libDaisy/build/libdaisy.a(stm32h7xx_hal_i2c.o)
                0x000000000800df44                HAL_I2C_Init
 .text.HAL_I2C_Master_Transmit
                0x000000000800dff0      0x1a8 ../../DaisyExamples/libDaisy/build/libdaisy.a(stm32h7xx_hal_i2c.o)
                0x000000000800dff0                HAL_I2C_Master_Transmit
 .text.HAL_I2C_Slave_Transmit
                0x000000000800e198      0x1c8 ../../DaisyExamples/libDaisy/build/libdaisy.a(stm32h7xx_hal_i2c.o)
                0x000000000800e198                HAL_I2C_Slave_Transmit
 .text.HAL_I2C_EV_IRQHandler
                0x000000000800e360       0x10 ../../DaisyExamples/libDaisy/build/libdaisy.a(stm32h7xx_hal_i2c.o)
                0x000000000800e360                HAL_I2C_EV_IRQHandler
 .text.HAL_I2C_GetState
                0x000000000800e370        0x8 ../../DaisyExamples/libDaisy/build/libdaisy.a(stm32h7xx_hal_i2c.o)
                0x000000000800e370                HAL_I2C_GetState
 .text.HAL_I2CEx_ConfigAnalogFilter
                0x000000000800e378       0x54 ../../DaisyExamples/libDaisy/build/libdaisy.a(stm32h7xx_hal_i2c_ex.o)
                0x000000000800e378                HAL_I2CEx_ConfigAnalogFilter
 .text.HAL_I2CEx_ConfigDigitalFilter
                0x000000000800e3cc       0x58 ../../DaisyExamples/libDaisy/build/libdaisy.a(stm32h7xx_hal_i2c_ex.o)
                0x000000000800e3cc                HAL_I2CEx_ConfigDigitalFilter
 .text.HAL_PCD_Init
                0x000000000800e424      0x12c ../../DaisyExamples/libDaisy/build/libdaisy.a(stm32h7xx_hal_pcd.o)
                0x000000000800e424                HAL_PCD_Init
 .text.HAL_PCD_Start
                0x000000000800e550       0x44 ../../DaisyExamples/libDaisy/build/libdaisy.a(stm32h7xx_hal_pcd.o)
                0x000000000800e550                HAL_PCD_Start
 .text.HAL_PCD_IRQHandler
                0x000000000800e594      0x69c ../../DaisyExamples/libDaisy/build/libdaisy.a(stm32h7xx_hal_pcd.o)
                0x000000000800e594                HAL_PCD_IRQHandler
 .text.HAL_PCD_SetAddress
                0x000000000800ec30       0x2c ../../DaisyExamples/libDaisy/build/libdaisy.a(stm32h7xx_hal_pcd.o)
                0x000000000800ec30                HAL_PCD_SetAddress
 .text.HAL_PCD_EP_Open
                0x000000000800ec5c       0x7c ../../DaisyExamples/libDaisy/build/libdaisy.a(stm32h7xx_hal_pcd.o)
                0x000000000800ec5c                HAL_PCD_EP_Open
 .text.HAL_PCD_EP_Close
                0x000000000800ecd8       0x6c ../../DaisyExamples/libDaisy/build/libdaisy.a(stm32h7xx_hal_pcd.o)
                0x000000000800ecd8                HAL_PCD_EP_Close
 .text.HAL_PCD_EP_Receive
                0x000000000800ed44       0x50 ../../DaisyExamples/libDaisy/build/libdaisy.a(stm32h7xx_hal_pcd.o)
                0x000000000800ed44                HAL_PCD_EP_Receive
 .text.HAL_PCD_EP_GetRxCount
                0x000000000800ed94       0x14 ../../DaisyExamples/libDaisy/build/libdaisy.a(stm32h7xx_hal_pcd.o)
                0x000000000800ed94                HAL_PCD_EP_GetRxCount
 .text.HAL_PCD_EP_Transmit
                0x000000000800eda8       0x50 ../../DaisyExamples/libDaisy/build/libdaisy.a(stm32h7xx_hal_pcd.o)
                0x000000000800eda8                HAL_PCD_EP_Transmit
 .text.HAL_PCD_EP_SetStall
                0x000000000800edf8       0x88 ../../DaisyExamples/libDaisy/build/libdaisy.a(stm32h7xx_hal_pcd.o)
                0x000000000800edf8                HAL_PCD_EP_SetStall
 .text.HAL_PCD_EP_ClrStall
                0x000000000800ee80       0x78 ../../DaisyExamples/libDaisy/build/libdaisy.a(stm32h7xx_hal_pcd.o)
                0x000000000800ee80                HAL_PCD_EP_ClrStall
 .text.HAL_PCDEx_SetTxFiFo
                0x000000000800eef8       0x54 ../../DaisyExamples/libDaisy/build/libdaisy.a(stm32h7xx_hal_pcd_ex.o)
                0x000000000800eef8                HAL_PCDEx_SetTxFiFo
 .text.HAL_PCDEx_SetRxFiFo
                0x000000000800ef4c        0xc ../../DaisyExamples/libDaisy/build/libdaisy.a(stm32h7xx_hal_pcd_ex.o)
                0x000000000800ef4c                HAL_PCDEx_SetRxFiFo
 .text.HAL_PCDEx_ActivateLPM
                0x000000000800ef58       0x30 ../../DaisyExamples/libDaisy/build/libdaisy.a(stm32h7xx_hal_pcd_ex.o)
                0x000000000800ef58                HAL_PCDEx_ActivateLPM
 .text.HAL_PCDEx_LPM_Callback
                0x000000000800ef88        0x4 ../../DaisyExamples/libDaisy/build/libdaisy.a(stm32h7xx_hal_pcd_ex.o)
                0x000000000800ef88                HAL_PCDEx_LPM_Callback
 .text.HAL_PWREx_ConfigSupply
                0x000000000800ef8c       0x4c ../../DaisyExamples/libDaisy/build/libdaisy.a(stm32h7xx_hal_pwr_ex.o)
                0x000000000800ef8c                HAL_PWREx_ConfigSupply
 .text.HAL_PWREx_EnableUSBVoltageDetector
                0x000000000800efd8       0x10 ../../DaisyExamples/libDaisy/build/libdaisy.a(stm32h7xx_hal_pwr_ex.o)
                0x000000000800efd8                HAL_PWREx_EnableUSBVoltageDetector
 .text.QSPI_Config
                0x000000000800efe8      0x174 ../../DaisyExamples/libDaisy/build/libdaisy.a(stm32h7xx_hal_qspi.o)
 .text.HAL_QSPI_Init
                0x000000000800f15c       0xd8 ../../DaisyExamples/libDaisy/build/libdaisy.a(stm32h7xx_hal_qspi.o)
                0x000000000800f15c                HAL_QSPI_Init
 .text.HAL_QSPI_DeInit
                0x000000000800f234       0x3c ../../DaisyExamples/libDaisy/build/libdaisy.a(stm32h7xx_hal_qspi.o)
                0x000000000800f234                HAL_QSPI_DeInit
 .text.HAL_QSPI_Command
                0x000000000800f270       0xd4 ../../DaisyExamples/libDaisy/build/libdaisy.a(stm32h7xx_hal_qspi.o)
                0x000000000800f270                HAL_QSPI_Command
 .text.HAL_QSPI_Transmit
                0x000000000800f344       0xfc ../../DaisyExamples/libDaisy/build/libdaisy.a(stm32h7xx_hal_qspi.o)
                0x000000000800f344                HAL_QSPI_Transmit
 .text.HAL_QSPI_Receive
                0x000000000800f440      0x108 ../../DaisyExamples/libDaisy/build/libdaisy.a(stm32h7xx_hal_qspi.o)
                0x000000000800f440                HAL_QSPI_Receive
 .text.HAL_QSPI_AutoPolling
                0x000000000800f548       0xf0 ../../DaisyExamples/libDaisy/build/libdaisy.a(stm32h7xx_hal_qspi.o)
                0x000000000800f548                HAL_QSPI_AutoPolling
 .text.HAL_QSPI_MemoryMapped
                0x000000000800f638       0xc0 ../../DaisyExamples/libDaisy/build/libdaisy.a(stm32h7xx_hal_qspi.o)
                0x000000000800f638                HAL_QSPI_MemoryMapped
 .text.HAL_QSPI_ErrorCallback
                0x000000000800f6f8        0x4 ../../DaisyExamples/libDaisy/build/libdaisy.a(stm32h7xx_hal_qspi.o)
                0x000000000800f6f8                HAL_QSPI_ErrorCallback
 .text.QSPI_DMAAbortCplt
                0x000000000800f6fc       0x38 ../../DaisyExamples/libDaisy/build/libdaisy.a(stm32h7xx_hal_qspi.o)
 .text.HAL_QSPI_AbortCpltCallback
                0x000000000800f734        0x4 ../../DaisyExamples/libDaisy/build/libdaisy.a(stm32h7xx_hal_qspi.o)
                0x000000000800f734                HAL_QSPI_AbortCpltCallback
 .text.HAL_QSPI_CmdCpltCallback
                0x000000000800f738        0x4 ../../DaisyExamples/libDaisy/build/libdaisy.a(stm32h7xx_hal_qspi.o)
                0x000000000800f738                HAL_QSPI_CmdCpltCallback
 .text.HAL_QSPI_RxCpltCallback
                0x000000000800f73c        0x4 ../../DaisyExamples/libDaisy/build/libdaisy.a(stm32h7xx_hal_qspi.o)
                0x000000000800f73c                HAL_QSPI_RxCpltCallback
 .text.HAL_QSPI_TxCpltCallback
                0x000000000800f740        0x4 ../../DaisyExamples/libDaisy/build/libdaisy.a(stm32h7xx_hal_qspi.o)
                0x000000000800f740                HAL_QSPI_TxCpltCallback
 .text.HAL_QSPI_FifoThresholdCallback
                0x000000000800f744        0x4 ../../DaisyExamples/libDaisy/build/libdaisy.a(stm32h7xx_hal_qspi.o)
                0x000000000800f744                HAL_QSPI_FifoThresholdCallback
 .text.HAL_QSPI_StatusMatchCallback
                0x000000000800f748        0x4 ../../DaisyExamples/libDaisy/build/libdaisy.a(stm32h7xx_hal_qspi.o)
                0x000000000800f748                HAL_QSPI_StatusMatchCallback
 .text.HAL_QSPI_TimeOutCallback
                0x000000000800f74c        0x4 ../../DaisyExamples/libDaisy/build/libdaisy.a(stm32h7xx_hal_qspi.o)
                0x000000000800f74c                HAL_QSPI_TimeOutCallback
 .text.HAL_QSPI_IRQHandler
                0x000000000800f750      0x210 ../../DaisyExamples/libDaisy/build/libdaisy.a(stm32h7xx_hal_qspi.o)
                0x000000000800f750                HAL_QSPI_IRQHandler
 .text.HAL_RCC_OscConfig
                0x000000000800f960      0x51c ../../DaisyExamples/libDaisy/build/libdaisy.a(stm32h7xx_hal_rcc.o)
                0x000000000800f960                HAL_RCC_OscConfig
 .text.HAL_RCC_GetSysClockFreq
                0x000000000800fe7c      0x140 ../../DaisyExamples/libDaisy/build/libdaisy.a(stm32h7xx_hal_rcc.o)
                0x000000000800fe7c                HAL_RCC_GetSysClockFreq
 .text.HAL_RCC_ClockConfig
                0x000000000800ffbc      0x234 ../../DaisyExamples/libDaisy/build/libdaisy.a(stm32h7xx_hal_rcc.o)
                0x000000000800ffbc                HAL_RCC_ClockConfig
 .text.HAL_RCC_GetHCLKFreq
                0x00000000080101f0       0x2c ../../DaisyExamples/libDaisy/build/libdaisy.a(stm32h7xx_hal_rcc.o)
                0x00000000080101f0                HAL_RCC_GetHCLKFreq
 .text.HAL_RCC_GetPCLK1Freq
                0x000000000801021c       0x38 ../../DaisyExamples/libDaisy/build/libdaisy.a(stm32h7xx_hal_rcc.o)
                0x000000000801021c                HAL_RCC_GetPCLK1Freq
 .text.HAL_RCC_GetPCLK2Freq
                0x0000000008010254       0x38 ../../DaisyExamples/libDaisy/build/libdaisy.a(stm32h7xx_hal_rcc.o)
                0x0000000008010254                HAL_RCC_GetPCLK2Freq
 .text.RCCEx_PLL2_Config
                0x000000000801028c       0xf4 ../../DaisyExamples/libDaisy/build/libdaisy.a(stm32h7xx_hal_rcc_ex.o)
 .text.RCCEx_PLL3_Config
                0x0000000008010380       0xf4 ../../DaisyExamples/libDaisy/build/libdaisy.a(stm32h7xx_hal_rcc_ex.o)
 .text.HAL_RCCEx_PeriphCLKConfig
                0x0000000008010474      0xa7c ../../DaisyExamples/libDaisy/build/libdaisy.a(stm32h7xx_hal_rcc_ex.o)
                0x0000000008010474                HAL_RCCEx_PeriphCLKConfig
 .text.HAL_RCCEx_GetD3PCLK1Freq
                0x0000000008010ef0       0x24 ../../DaisyExamples/libDaisy/build/libdaisy.a(stm32h7xx_hal_rcc_ex.o)
                0x0000000008010ef0                HAL_RCCEx_GetD3PCLK1Freq
 .text.HAL_RCCEx_GetPLL2ClockFreq
                0x0000000008010f14      0x17c ../../DaisyExamples/libDaisy/build/libdaisy.a(stm32h7xx_hal_rcc_ex.o)
                0x0000000008010f14                HAL_RCCEx_GetPLL2ClockFreq
 .text.HAL_RCCEx_GetPLL3ClockFreq
                0x0000000008011090      0x17c ../../DaisyExamples/libDaisy/build/libdaisy.a(stm32h7xx_hal_rcc_ex.o)
                0x0000000008011090                HAL_RCCEx_GetPLL3ClockFreq
 .text.HAL_RCCEx_GetPLL1ClockFreq
                0x000000000801120c      0x17c ../../DaisyExamples/libDaisy/build/libdaisy.a(stm32h7xx_hal_rcc_ex.o)
                0x000000000801120c                HAL_RCCEx_GetPLL1ClockFreq
 .text.HAL_RCCEx_GetPeriphCLKFreq
                0x0000000008011388      0x198 ../../DaisyExamples/libDaisy/build/libdaisy.a(stm32h7xx_hal_rcc_ex.o)
                0x0000000008011388                HAL_RCCEx_GetPeriphCLKFreq
 .text.HAL_RCCEx_GetD1SysClockFreq
                0x0000000008011520       0x2c ../../DaisyExamples/libDaisy/build/libdaisy.a(stm32h7xx_hal_rcc_ex.o)
                0x0000000008011520                HAL_RCCEx_GetD1SysClockFreq
 .text.HAL_SAI_Init.part.0
                0x000000000801154c      0x348 ../../DaisyExamples/libDaisy/build/libdaisy.a(stm32h7xx_hal_sai.o)
 .text.HAL_SAI_InitProtocol
                0x0000000008011894      0x178 ../../DaisyExamples/libDaisy/build/libdaisy.a(stm32h7xx_hal_sai.o)
                0x0000000008011894                HAL_SAI_InitProtocol
 .text.HAL_SAI_Transmit_DMA
                0x0000000008011a0c      0x124 ../../DaisyExamples/libDaisy/build/libdaisy.a(stm32h7xx_hal_sai.o)
                0x0000000008011a0c                HAL_SAI_Transmit_DMA
 .text.HAL_SAI_Receive_DMA
                0x0000000008011b30       0xd0 ../../DaisyExamples/libDaisy/build/libdaisy.a(stm32h7xx_hal_sai.o)
                0x0000000008011b30                HAL_SAI_Receive_DMA
 .text.HAL_SAI_TxCpltCallback
                0x0000000008011c00        0x4 ../../DaisyExamples/libDaisy/build/libdaisy.a(stm32h7xx_hal_sai.o)
                0x0000000008011c00                HAL_SAI_TxCpltCallback
 .text.SAI_DMATxCplt
                0x0000000008011c04       0x64 ../../DaisyExamples/libDaisy/build/libdaisy.a(stm32h7xx_hal_sai.o)
 .text.HAL_SAI_TxHalfCpltCallback
                0x0000000008011c68        0x4 ../../DaisyExamples/libDaisy/build/libdaisy.a(stm32h7xx_hal_sai.o)
                0x0000000008011c68                HAL_SAI_TxHalfCpltCallback
 .text.SAI_DMATxHalfCplt
                0x0000000008011c6c        0xc ../../DaisyExamples/libDaisy/build/libdaisy.a(stm32h7xx_hal_sai.o)
 .text.SAI_DMARxCplt
                0x0000000008011c78       0x64 ../../DaisyExamples/libDaisy/build/libdaisy.a(stm32h7xx_hal_sai.o)
 .text.SAI_DMARxHalfCplt
                0x0000000008011cdc        0xc ../../DaisyExamples/libDaisy/build/libdaisy.a(stm32h7xx_hal_sai.o)
 .text.HAL_SAI_ErrorCallback
                0x0000000008011ce8        0x4 ../../DaisyExamples/libDaisy/build/libdaisy.a(stm32h7xx_hal_sai.o)
                0x0000000008011ce8                HAL_SAI_ErrorCallback
 .text.SAI_DMAError
                0x0000000008011cec       0x6c ../../DaisyExamples/libDaisy/build/libdaisy.a(stm32h7xx_hal_sai.o)
 .text.HAL_SDRAM_Init
                0x0000000008011d58       0x54 ../../DaisyExamples/libDaisy/build/libdaisy.a(stm32h7xx_hal_sdram.o)
                0x0000000008011d58                HAL_SDRAM_Init
 .text.HAL_SDRAM_SendCommand
                0x0000000008011dac       0x40 ../../DaisyExamples/libDaisy/build/libdaisy.a(stm32h7xx_hal_sdram.o)
                0x0000000008011dac                HAL_SDRAM_SendCommand
 .text.HAL_SDRAM_ProgramRefreshRate
                0x0000000008011dec       0x30 ../../DaisyExamples/libDaisy/build/libdaisy.a(stm32h7xx_hal_sdram.o)
                0x0000000008011dec                HAL_SDRAM_ProgramRefreshRate
 .text.SPI_CloseTransfer
                0x0000000008011e1c       0xb8 ../../DaisyExamples/libDaisy/build/libdaisy.a(stm32h7xx_hal_spi.o)
 .text.HAL_SPI_Init
                0x0000000008011ed4      0x15c ../../DaisyExamples/libDaisy/build/libdaisy.a(stm32h7xx_hal_spi.o)
                0x0000000008011ed4                HAL_SPI_Init
 .text.HAL_SPI_Transmit
                0x0000000008012030      0x314 ../../DaisyExamples/libDaisy/build/libdaisy.a(stm32h7xx_hal_spi.o)
                0x0000000008012030                HAL_SPI_Transmit
 .text.HAL_SPI_Transmit_DMA
                0x0000000008012344      0x170 ../../DaisyExamples/libDaisy/build/libdaisy.a(stm32h7xx_hal_spi.o)
                0x0000000008012344                HAL_SPI_Transmit_DMA
 .text.HAL_SPI_TransmitReceive_DMA